Product: MDK-ARM Professional 5.10
Component: ARM Compiler 5.04 update 1 (build 49)
Tool: armlink [5040049]

==============================================================================

Section Cross References

    stm32f10x_it.o(i.Pump_Chose) refers to stm32f10x_gpio.o(i.GPIO_ReadOutputDataBit) for GPIO_ReadOutputDataBit
    stm32f10x_it.o(i.Pump_Chose) refers to stm32f10x_gpio.o(i.GPIO_ResetBits) for GPIO_ResetBits
    stm32f10x_it.o(i.Pump_Chose) refers to stm32f10x_gpio.o(i.GPIO_SetBits) for GPIO_SetBits
    stm32f10x_it.o(i.Pump_Chose) refers to user_conf.o(.data) for Pump_puls_count
    stm32f10x_it.o(i.RTC_IRQHandler) refers to user_conf.o(.data) for SecondSign
    stm32f10x_it.o(i.SDIO_IRQHandler) refers to sdio_sd.o(i.SD_ProcessIRQSrc) for SD_ProcessIRQSrc
    stm32f10x_it.o(i.TIM2_IRQHandler) refers to stm32f10x_tim.o(i.TIM_GetITStatus) for TIM_GetITStatus
    stm32f10x_it.o(i.TIM2_IRQHandler) refers to stm32f10x_tim.o(i.TIM_ClearITPendingBit) for TIM_ClearITPendingBit
    stm32f10x_it.o(i.TIM2_IRQHandler) refers to stm32f10x_it.o(i.Pump_Chose) for Pump_Chose
    stm32f10x_it.o(i.TIM2_IRQHandler) refers to user_conf.o(.data) for GPIOx_2_Pin
    stm32f10x_it.o(i.TIM4_IRQHandler) refers to stm32f10x_tim.o(i.TIM_GetITStatus) for TIM_GetITStatus
    stm32f10x_it.o(i.TIM4_IRQHandler) refers to stm32f10x_tim.o(i.TIM_ClearITPendingBit) for TIM_ClearITPendingBit
    stm32f10x_it.o(i.TIM4_IRQHandler) refers to stm32f10x_it.o(.data) for OS_Time
    stm32f10x_it.o(i.TIM4_IRQHandler) refers to user_conf.o(.data) for Time_flag
    main.o(i.Variable_Int) refers to 24c256.o(i.Read_state_and_setting) for Read_state_and_setting
    main.o(i.Variable_Int) refers to 24c256.o(i.Read_from_bkp) for Read_from_bkp
    main.o(i.Variable_Int) refers to user_conf.o(.data) for speed_change_flag
    main.o(i.main) refers to rcc.o(i.RCC_Configuration) for RCC_Configuration
    main.o(i.main) refers to gpio_set.o(i.GPIO_Configuration) for GPIO_Configuration
    main.o(i.main) refers to time.o(i.TIM_Configuration) for TIM_Configuration
    main.o(i.main) refers to iic.o(i.delay_init) for delay_init
    main.o(i.main) refers to iic.o(i.IIC_Configuration) for IIC_Configuration
    main.o(i.main) refers to sdio_sd.o(i.SD_LowLevel_Init) for SD_LowLevel_Init
    main.o(i.main) refers to uart.o(i.Usart_int) for Usart_int
    main.o(i.main) refers to adc.o(i.Adc_Init) for Adc_Init
    main.o(i.main) refers to rtc.o(i.RTC_Init) for RTC_Init
    main.o(i.main) refers to time.o(i.NVIC_Configuration) for NVIC_Configuration
    main.o(i.main) refers to pwm.o(i.PWM_Init) for PWM_Init
    main.o(i.main) refers to m600_api.o(i.M600_Set_Palette) for M600_Set_Palette
    main.o(i.main) refers to main.o(i.Delay) for Delay
    main.o(i.main) refers to stm32f10x_gpio.o(i.GPIO_ResetBits) for GPIO_ResetBits
    main.o(i.main) refers to main.o(i.Variable_Int) for Variable_Int
    main.o(i.main) refers to sd_save.o(i.File_sys_int) for File_sys_int
    main.o(i.main) refers to rtc.o(i.RTC_Get) for RTC_Get
    main.o(i.main) refers to rtc.o(i.LED_flash) for LED_flash
    main.o(i.main) refers to sd_save.o(i.Write_data_to_SD) for Write_data_to_SD
    main.o(i.main) refers to 24c256.o(i.Save_state_and_setting) for Save_state_and_setting
    main.o(i.main) refers to 24c256.o(i.Save_to_bkp) for Save_to_bkp
    main.o(i.main) refers to touch_key_control.o(i.Touch_Key_analysis_8200B) for Touch_Key_analysis_8200B
    main.o(i.main) refers to uart.o(i.blue_teeth_rx) for blue_teeth_rx
    main.o(i.main) refers to adc.o(i.Sensor_Update) for Sensor_Update
    main.o(i.main) refers to print.o(i.Blue_teeth_1) for Blue_teeth_1
    main.o(i.main) refers to adc.o(i.Alarm_Update) for Alarm_Update
    main.o(i.main) refers to user_dispaly.o(i.GUI_contorl) for GUI_contorl
    main.o(i.main) refers to cell_saver_control.o(i.Cell_Saver_Control) for Cell_Saver_Control
    main.o(i.main) refers to print.o(i.Print_Report) for Print_Report
    main.o(i.main) refers to adc.o(i.Alarm_Sound) for Alarm_Sound
    main.o(i.main) refers to stm32f10x_gpio.o(i.GPIO_ReadOutputDataBit) for GPIO_ReadOutputDataBit
    main.o(i.main) refers to stm32f10x_gpio.o(i.GPIO_SetBits) for GPIO_SetBits
    main.o(i.main) refers to user_conf.o(.data) for SecondSign
    stm32f10x_flash.o(i.FLASH_EnableWriteProtection) refers to stm32f10x_flash.o(i.FLASH_WaitForLastOperation) for FLASH_WaitForLastOperation
    stm32f10x_flash.o(i.FLASH_EraseAllBank1Pages) refers to stm32f10x_flash.o(i.FLASH_WaitForLastBank1Operation) for FLASH_WaitForLastBank1Operation
    stm32f10x_flash.o(i.FLASH_EraseAllPages) refers to stm32f10x_flash.o(i.FLASH_WaitForLastOperation) for FLASH_WaitForLastOperation
    stm32f10x_flash.o(i.FLASH_EraseOptionBytes) refers to stm32f10x_flash.o(i.FLASH_GetReadOutProtectionStatus) for FLASH_GetReadOutProtectionStatus
    stm32f10x_flash.o(i.FLASH_EraseOptionBytes) refers to stm32f10x_flash.o(i.FLASH_WaitForLastOperation) for FLASH_WaitForLastOperation
[...]
    RTC_WaitForLastTask                      0x0800b0c9   Thumb Code    16  stm32f10x_rtc.o(i.RTC_WaitForLastTask)
    RTC_WaitForSynchro                       0x0800b0dd   Thumb Code    30  stm32f10x_rtc.o(i.RTC_WaitForSynchro)
    Read_Poweron_time                        0x0800b101   Thumb Code   156  24c256.o(i.Read_Poweron_time)
    Read_fill_time                           0x0800b19d   Thumb Code    72  24c256.o(i.Read_fill_time)
    Read_from_bkp                            0x0800b1e5   Thumb Code   216  24c256.o(i.Read_from_bkp)
    Read_huanzhe                             0x0800b2e5   Thumb Code    54  24c256.o(i.Read_huanzhe)
    Read_sta                                 0x0800b325   Thumb Code    90  24c256.o(i.Read_sta)
    Read_state_and_setting                   0x0800b38d   Thumb Code   754  24c256.o(i.Read_state_and_setting)
    Read_wash_time                           0x0800b6d1   Thumb Code    72  24c256.o(i.Read_wash_time)
    Red_Pump_Test                            0x0800b719   Thumb Code   102  pump_control.o(i.Red_Pump_Test)
    Res_state_Display                        0x0800b79d   Thumb Code   202  user_dispaly.o(i.Res_state_Display)
    Return                                   0x0800b875   Thumb Code   416  cell_saver_control.o(i.Return)
    SDIO_ClearFlag                           0x0800bb7d   Thumb Code     6  stm32f10x_sdio.o(i.SDIO_ClearFlag)
    SDIO_ClearITPendingBit                   0x0800bb89   Thumb Code     6  stm32f10x_sdio.o(i.SDIO_ClearITPendingBit)
    SDIO_ClockCmd                            0x0800bb95   Thumb Code     6  stm32f10x_sdio.o(i.SDIO_ClockCmd)
    SDIO_DMACmd                              0x0800bba1   Thumb Code     6  stm32f10x_sdio.o(i.SDIO_DMACmd)
    SDIO_DataConfig                          0x0800bbad   Thumb Code    42  stm32f10x_sdio.o(i.SDIO_DataConfig)
    SDIO_DeInit                              0x0800bbdd   Thumb Code    28  stm32f10x_sdio.o(i.SDIO_DeInit)
    SDIO_GetCommandResponse                  0x0800bc01   Thumb Code     8  stm32f10x_sdio.o(i.SDIO_GetCommandResponse)
    SDIO_GetFlagStatus                       0x0800bc0d   Thumb Code    20  stm32f10x_sdio.o(i.SDIO_GetFlagStatus)
    SDIO_GetITStatus                         0x0800bc25   Thumb Code    20  stm32f10x_sdio.o(i.SDIO_GetITStatus)
    SDIO_GetPowerState                       0x0800bc3d   Thumb Code    10  stm32f10x_sdio.o(i.SDIO_GetPowerState)
    SDIO_GetResponse                         0x0800bc4d   Thumb Code    20  stm32f10x_sdio.o(i.SDIO_GetResponse)
    SDIO_IRQHandler                          0x0800bc65   Thumb Code     8  stm32f10x_it.o(i.SDIO_IRQHandler)
    SDIO_ITConfig                            0x0800bc6d   Thumb Code    26  stm32f10x_sdio.o(i.SDIO_ITConfig)
    SDIO_Init                                0x0800bc8d   Thumb Code    42  stm32f10x_sdio.o(i.SDIO_Init)
    SDIO_ReadData                            0x0800bcbd   Thumb Code     6  stm32f10x_sdio.o(i.SDIO_ReadData)
    SDIO_SendCommand                         0x0800bcc9   Thumb Code    38  stm32f10x_sdio.o(i.SDIO_SendCommand)
    SDIO_SetPowerState                       0x0800bcf5   Thumb Code    22  stm32f10x_sdio.o(i.SDIO_SetPowerState)
    SDIO_WriteData                           0x0800bd11   Thumb Code     6  stm32f10x_sdio.o(i.SDIO_WriteData)
    SD_DMAEndOfTransferStatus                0x0800bd1d   Thumb Code    10  sdio_sd.o(i.SD_DMAEndOfTransferStatus)
    SD_EnableWideBusOperation                0x0800bd2d   Thumb Code   144  sdio_sd.o(i.SD_EnableWideBusOperation)
    SD_GetCardInfo                           0x0800bdc5   Thumb Code   700  sdio_sd.o(i.SD_GetCardInfo)
    SD_Init                                  0x0800c091   Thumb Code   124  sdio_sd.o(i.SD_Init)
    SD_InitializeCards                       0x0800c115   Thumb Code   300  sdio_sd.o(i.SD_InitializeCards)
    SD_LowLevel_DMA_RxConfig                 0x0800c255   Thumb Code    86  sdio_sd.o(i.SD_LowLevel_DMA_RxConfig)
    SD_LowLevel_DMA_TxConfig                 0x0800c2b9   Thumb Code    86  sdio_sd.o(i.SD_LowLevel_DMA_TxConfig)
    SD_LowLevel_Init                         0x0800c31d   Thumb Code    70  sdio_sd.o(i.SD_LowLevel_Init)
    SD_PowerON                               0x0800c36d   Thumb Code   384  sdio_sd.o(i.SD_PowerON)
    SD_ProcessIRQSrc                         0x0800c4fd   Thumb Code   552  sdio_sd.o(i.SD_ProcessIRQSrc)
    SD_ReadBlock                             0x0800c745   Thumb Code   592  sdio_sd.o(i.SD_ReadBlock)
    SD_ReadMultiBlocks                       0x0800c9c1   Thumb Code   712  sdio_sd.o(i.SD_ReadMultiBlocks)
    SD_SelectDeselect                        0x0800ccb5   Thumb Code    48  sdio_sd.o(i.SD_SelectDeselect)
    SD_SetDeviceMode                         0x0800cce9   Thumb Code    24  sdio_sd.o(i.SD_SetDeviceMode)
    SD_StopTransfer                          0x0800cd05   Thumb Code    46  sdio_sd.o(i.SD_StopTransfer)
    SD_WriteBlock                            0x0800cd39   Thumb Code   828  sdio_sd.o(i.SD_WriteBlock)
    SD_WriteMultiBlocks                      0x0800d0a5   Thumb Code   992  sdio_sd.o(i.SD_WriteMultiBlocks)
    SVC_Handler                              0x0800d4b5   Thumb Code     2  stm32f10x_it.o(i.SVC_Handler)
    Save_Poweron_time                        0x0800d4b9   Thumb Code   146  24c256.o(i.Save_Poweron_time)
    Save_state_and_setting                   0x0800d551   Thumb Code  1286  24c256.o(i.Save_state_and_setting)
    Save_to_bkp                              0x0800da71   Thumb Code   140  24c256.o(i.Save_to_bkp)
    Sensor_Update                            0x0800db19   Thumb Code    34  adc.o(i.Sensor_Update)
    Standby                                  0x0800dc29   Thumb Code    68  cell_saver_control.o(i.Standby)
    Stop                                     0x0800dc89   Thumb Code    40  cell_saver_control.o(i.Stop)
    SysTick_CLKSourceConfig                  0x0800dcbd   Thumb Code    40  misc.o(i.SysTick_CLKSourceConfig)
    SysTick_Handler                          0x0800dce5   Thumb Code     2  stm32f10x_it.o(i.SysTick_Handler)
    SystemInit                               0x0800dce9   Thumb Code    78  system_stm32f10x.o(i.SystemInit)
    TIM2_IRQHandler                          0x0800dd49   Thumb Code    42  stm32f10x_it.o(i.TIM2_IRQHandler)
    TIM3_IRQHandler                          0x0800dd85   Thumb Code     2  stm32f10x_it.o(i.TIM3_IRQHandler)
    TIM4_IRQHandler                          0x0800dd89   Thumb Code   192  stm32f10x_it.o(i.TIM4_IRQHandler)
    TIM_ARRPreloadConfig                     0x0800de61   Thumb Code    24  stm32f10x_tim.o(i.TIM_ARRPreloadConfig)
    TIM_ClearFlag                            0x0800de79   Thumb Code     6  stm32f10x_tim.o(i.TIM_ClearFlag)
    TIM_ClearITPendingBit                    0x0800de7f   Thumb Code     6  stm32f10x_tim.o(i.TIM_ClearITPendingBit)
    TIM_Cmd                                  0x0800de85   Thumb Code    24  stm32f10x_tim.o(i.TIM_Cmd)
    TIM_Configuration                        0x0800de9d   Thumb Code   160  time.o(i.TIM_Configuration)
    TIM_DeInit                               0x0800df41   Thumb Code   424  stm32f10x_tim.o(i.TIM_DeInit)
    TIM_GetITStatus                          0x0800e129   Thumb Code    34  stm32f10x_tim.o(i.TIM_GetITStatus)
    TIM_ITConfig                             0x0800e14b   Thumb Code    18  stm32f10x_tim.o(i.TIM_ITConfig)
    TIM_OC1Init                              0x0800e15d   Thumb Code   132  stm32f10x_tim.o(i.TIM_OC1Init)
    TIM_OC1PreloadConfig                     0x0800e1f5   Thumb Code    18  stm32f10x_tim.o(i.TIM_OC1PreloadConfig)
    TIM_OC2Init                              0x0800e209   Thumb Code   154  stm32f10x_tim.o(i.TIM_OC2Init)
    TIM_OC2PreloadConfig                     0x0800e2ad   Thumb Code    26  stm32f10x_tim.o(i.TIM_OC2PreloadConfig)
    TIM_SetCompare1                          0x0800e2c7   Thumb Code     4  stm32f10x_tim.o(i.TIM_SetCompare1)
    TIM_SetCompare2                          0x0800e2cb   Thumb Code     4  stm32f10x_tim.o(i.TIM_SetCompare2)
    TIM_TimeBaseInit                         0x0800e2d1   Thumb Code   122  stm32f10x_tim.o(i.TIM_TimeBaseInit)
    Test_self                                0x0800e375   Thumb Code  1422  cell_saver_control.o(i.Test_self)
    Time_push_to_buf                         0x0800e961   Thumb Code   256  sd_save.o(i.Time_push_to_buf)
    Touch_Key_Factory                        0x0800ea6d   Thumb Code  1360  touch_key_control.o(i.Touch_Key_Factory)
    Touch_Key_Huanzhe                        0x0800efd1   Thumb Code   544  touch_key_control.o(i.Touch_Key_Huanzhe)
    Touch_Key_Main                           0x0800f221   Thumb Code  3194  touch_key_control.o(i.Touch_Key_Main)
    Touch_Key_Set                            0x0800fef5   Thumb Code   914  touch_key_control.o(i.Touch_Key_Set)
    Touch_Key_Set_Alarm                      0x080102d9   Thumb Code   690  touch_key_control.o(i.Touch_Key_Set_Alarm)
    Touch_Key_Set_Pra                        0x080105a5   Thumb Code   540  touch_key_control.o(i.Touch_Key_Set_Pra)
    Touch_Key_Set_Time_8200b                 0x080107ed   Thumb Code   436  touch_key_control.o(i.Touch_Key_Set_Time_8200b)
    Touch_Key_Tend                           0x080109ad   Thumb Code    74  touch_key_control.o(i.Touch_Key_Tend)
    Touch_Key_Test                           0x08010a09   Thumb Code    50  touch_key_control.o(i.Touch_Key_Test)
    Touch_Key_Vidio                          0x08010a4d   Thumb Code   586  touch_key_control.o(i.Touch_Key_Vidio)
    Touch_Key_Welcome                        0x08010cb9   Thumb Code   188  touch_key_control.o(i.Touch_Key_Welcome)
    Touch_Key_analysis_8200B                 0x08010da9   Thumb Code   238  touch_key_control.o(i.Touch_Key_analysis_8200B)
    TxString                                 0x08010ebd   Thumb Code    22  m600_api.o(i.TxString)
    Tx_Byte                                  0x08010ed3   Thumb Code    12  m600_api.o(i.Tx_Byte)
    Tx_EOF                                   0x08010edf   Thumb Code    28  m600_api.o(i.Tx_EOF)
    Tx_Word                                  0x08010efb   Thumb Code    18  m600_api.o(i.Tx_Word)
    USART1_Configuration                     0x08010f0d   Thumb Code   172  uart.o(i.USART1_Configuration)
    USART1_IRQHandler                        0x08010fc1   Thumb Code   216  uart.o(i.USART1_IRQHandler)
    USART1_TX_Byte                           0x080110a9   Thumb Code    28  uart.o(i.USART1_TX_Byte)
    USART2_Configuration                     0x080110c9   Thumb Code   134  uart.o(i.USART2_Configuration)
    USART2_IRQHandler                        0x08011159   Thumb Code   144  uart.o(i.USART2_IRQHandler)
    USART2_TX_Byte                           0x08011205   Thumb Code    28  uart.o(i.USART2_TX_Byte)
    USART2_TX_STRING                         0x08011225   Thumb Code    22  print.o(i.USART2_TX_STRING)
    USART3_Configuration                     0x0801123d   Thumb Code   138  uart.o(i.USART3_Configuration)
    USART3_IRQHandler                        0x080112d1   Thumb Code    80  uart.o(i.USART3_IRQHandler)
    USART3_TX_Byte                           0x08011331   Thumb Code    28  uart.o(i.USART3_TX_Byte)
    USART_ClearITPendingBit                  0x08011351   Thumb Code    30  stm32f10x_usart.o(i.USART_ClearITPendingBit)
    USART_Cmd                                0x0801136f   Thumb Code    24  stm32f10x_usart.o(i.USART_Cmd)
    USART_GetFlagStatus                      0x08011387   Thumb Code    26  stm32f10x_usart.o(i.USART_GetFlagStatus)
    USART_GetITStatus                        0x080113a1   Thumb Code    84  stm32f10x_usart.o(i.USART_GetITStatus)
    USART_ITConfig                           0x080113f5   Thumb Code    74  stm32f10x_usart.o(i.USART_ITConfig)
    USART_Init                               0x08011441   Thumb Code   210  stm32f10x_usart.o(i.USART_Init)
    USART_ReceiveData                        0x08011519   Thumb Code    10  stm32f10x_usart.o(i.USART_ReceiveData)
    USART_SendData                           0x08011523   Thumb Code     8  stm32f10x_usart.o(i.USART_SendData)
    UsageFault_Handler                       0x0801152b   Thumb Code     4  stm32f10x_it.o(i.UsageFault_Handler)
    Usart_int                                0x0801152f   Thumb Code    16  uart.o(i.Usart_int)
    Variable_Int                             0x08011541   Thumb Code   224  main.o(i.Variable_Int)
    Wash                                     0x08011679   Thumb Code   832  cell_saver_control.o(i.Wash)
    Wash_Pump_Adjust_contorl                 0x08011a29   Thumb Code   186  cell_saver_control.o(i.Wash_Pump_Adjust_contorl)
    Wash_Volume_Adjust                       0x08011af9   Thumb Code    66  cell_saver_control.o(i.Wash_Volume_Adjust)
    Weight_check                             0x08011b4d   Thumb Code   564  adc.o(i.Weight_check)
    Well_Check                               0x08011dc9   Thumb Code   230  adc.o(i.Well_Check)
    Well_state_Check                         0x08011edd   Thumb Code    40  adc.o(i.Well_state_Check)
    Write_data_to_SD                         0x08011f11   Thumb Code   112  sd_save.o(i.Write_data_to_SD)
    Yellow_Pump_Test                         0x08011f99   Thumb Code    98  pump_control.o(i.Yellow_Pump_Test)
    __scatterload_copy                       0x08012019   Thumb Code    14  handlers.o(i.__scatterload_copy)
    __scatterload_null                       0x08012027   Thumb Code     2  handlers.o(i.__scatterload_null)
    __scatterload_zeroinit                   0x08012029   Thumb Code    14  handlers.o(i.__scatterload_zeroinit)
    blue_teeth_rx                            0x08012039   Thumb Code   576  uart.o(i.blue_teeth_rx)
    clust2sect                               0x080126ed   Thumb Code    26  ff.o(i.clust2sect)
    delay_init                               0x0801292d   Thumb Code    52  iic.o(i.delay_init)
    delay_ms                                 0x08012969   Thumb Code    56  iic.o(i.delay_ms)
    delay_us                                 0x080129a5   Thumb Code    56  iic.o(i.delay_us)
    disk_initialize                          0x08012c5d   Thumb Code    46  diskio.o(i.disk_initialize)
    disk_ioctl                               0x08012c8d   Thumb Code    90  diskio.o(i.disk_ioctl)
    disk_read                                0x08012ced   Thumb Code   100  diskio.o(i.disk_read)
    disk_status                              0x08012d55   Thumb Code    34  diskio.o(i.disk_status)
    disk_write                               0x08012d79   Thumb Code    94  diskio.o(i.disk_write)
    f_close                                  0x08012ddd   Thumb Code    22  ff.o(i.f_close)
    f_lseek                                  0x08012df3   Thumb Code   432  ff.o(i.f_lseek)
    f_mount                                  0x08012fa5   Thumb Code    38  ff.o(i.f_mount)
    f_open                                   0x08012fd1   Thumb Code   364  ff.o(i.f_open)
    f_putc                                   0x0801313d   Thumb Code    38  ff.o(i.f_putc)
    f_puts                                   0x08013163   Thumb Code    42  ff.o(i.f_puts)
    f_sync                                   0x0801318d   Thumb Code   184  ff.o(i.f_sync)
    f_write                                  0x08013245   Thumb Code   526  ff.o(i.f_write)
    get_fat                                  0x080134f1   Thumb Code   228  ff.o(i.get_fat)
    get_fattime                              0x080135d5   Thumb Code     4  diskio.o(i.get_fattime)
    hex2chr                                  0x080135d9   Thumb Code    34  sd_save.o(i.hex2chr)
    main                                     0x080135fd   Thumb Code   322  main.o(i.main)
    num_push_to_buf                          0x08013831   Thumb Code   312  sd_save.o(i.num_push_to_buf)
    print                                    0x08013971   Thumb Code   256  print.o(i.print)
    print_Tend                               0x08013aa1   Thumb Code   322  print.o(i.print_Tend)
    print_factory                            0x08013c41   Thumb Code   154  print.o(i.print_factory)
    print_init                               0x08013d55   Thumb Code    72  print.o(i.print_init)
    put_fat                                  0x08013d9d   Thumb Code   310  ff.o(i.put_fat)
    str_push_to_buf                          0x08013f3d   Thumb Code    50  sd_save.o(i.str_push_to_buf)
    word_size                                0x0801406d   Thumb Code    24  print.o(i.word_size)
    COMM_TAIL                                0x08014084   Data           4  uart.o(.constdata)
    COMM2_TAIL                               0x08014088   Data           4  uart.o(.constdata)
    mon_table                                0x0801408c   Data          12  rtc.o(.constdata)
    Region$$Table$$Base                      0x08014098   Number         0  anon$$obj.o(Region$$Table)
    Region$$Table$$Limit                     0x080140b8   Number         0  anon$$obj.o(Region$$Table)
    Pulse_Turn_Flag                          0x20000000   Data           1  stm32f10x_it.o(.data)
    OS_Time                                  0x20000004   Data           4  stm32f10x_it.o(.data)
    arr1                                     0x20000008   Data           2  main.o(.data)
    arr2                                     0x2000000a   Data           2  main.o(.data)
    blueteet_test                            0x2000000c   Data           4  main.o(.data)
    code_DataStr                             0x20000010   Data          11  main.o(.data)
    code_TimeStr                             0x2000001b   Data          11  main.o(.data)
    test_iic                                 0x20000026   Data           2  main.o(.data)
    test_iic_buf                             0x20000028   Data           2  main.o(.data)
    ver_str                                  0x2000002a   Data          50  main.o(.data)
    ver_str_insine                           0x2000005c   Data           4  main.o(.data)
    hw_str                                   0x20000060   Data           5  main.o(.data)
    timer                                    0x20000068   Data           8  user_conf.o(.data)
    Time_Set                                 0x20000070   Data           8  user_conf.o(.data)
    prt_Time                                 0x20000078   Data           8  user_conf.o(.data)
    power_on_Time                            0x20000080   Data           8  user_conf.o(.data)
    power_on_Time_sec                        0x20000088   Data           4  user_conf.o(.data)
    Default_Pump_set                         0x2000008c   Data           1  user_conf.o(.data)
    Fac_Series_No                            0x2000008d   Data           5  user_conf.o(.data)
    Default_Mode_set                         0x20000092   Data           1  user_conf.o(.data)
    Wash_cell_Protect                        0x20000093   Data           1  user_conf.o(.data)
    Air_check_gate                           0x20000094   Data           2  user_conf.o(.data)
    Cell_check_gate                          0x20000096   Data           2  user_conf.o(.data)
    Time_flag                                0x20000098   Data           2  user_conf.o(.data)
    SecondSign                               0x2000009a   Data           1  user_conf.o(.data)
    poweroff_time                            0x2000009c   Data           4  user_conf.o(.data)
    RCC_SecondSign                           0x200000a0   Data           1  user_conf.o(.data)
    Tend_num                                 0x200000a1   Data           1  user_conf.o(.data)
    GUI_Tend_num                             0x200000a2   Data           1  user_conf.o(.data)
    set_mode                                 0x200000a3   Data           1  user_conf.o(.data)
    sta                                      0x200000a4   Data           1  user_conf.o(.data)
    Mode                                     0x200000a5   Data           1  user_conf.o(.data)
    work_sta                                 0x200000a6   Data           1  user_conf.o(.data)
    Pump_Sta                                 0x200000a7   Data           1  user_conf.o(.data)
    pump_flag                                0x200000a8   Data           1  user_conf.o(.data)
    red_pump_low_speed_flag                  0x200000a9   Data           1  user_conf.o(.data)
    red_pump_low_speed                       0x200000aa   Data           1  user_conf.o(.data)
    Pump_choose                              0x200000ab   Data           1  user_conf.o(.data)
    Alarm_sta                                0x200000ac   Data           4  user_conf.o(.data)
    Alarm_switch                             0x200000b0   Data           4  user_conf.o(.data)
    Moto_step_cont                           0x200000b4   Data           2  user_conf.o(.data)
    step_speed_set                           0x200000b6   Data           2  user_conf.o(.data)
    Auto_run_step                            0x200000b8   Data           1  user_conf.o(.data)
    Auto_run_step_cont                       0x200000ba   Data           2  user_conf.o(.data)
    Set_pra_now                              0x200000bc   Data           1  user_conf.o(.data)
    Set_pra_now_buf                          0x200000bd   Data           1  user_conf.o(.data)
    work_percheck                            0x200000be   Data           1  user_conf.o(.data)
    Pump_state_flag                          0x200000c0   Data           2  user_conf.o(.data)
    Bowl_State                               0x200000c2   Data           1  user_conf.o(.data)
    pump_dely_time                           0x200000c3   Data           1  user_conf.o(.data)
    Auto_refill_wait_flag                    0x200000c4   Data           1  user_conf.o(.data)
    Auto_refill_wait_time                    0x200000c6   Data           2  user_conf.o(.data)
    Auto_check_bowl_falg                     0x200000c8   Data           1  user_conf.o(.data)
    Well_state_flag                          0x200000c9   Data           1  user_conf.o(.data)
    GUI_State                                0x200000ca   Data           1  user_conf.o(.data)
    GUI_Set_State                            0x200000cb   Data           1  user_conf.o(.data)
    Show_pic_num                             0x200000cc   Data           1  user_conf.o(.data)
    Show_donghua_num                         0x200000cd   Data           1  user_conf.o(.data)
    Set_person                               0x200000ce   Data          15  user_conf.o(.data)
    Set_person_name                          0x200000dd   Data          15  user_conf.o(.data)
    Set_person_age                           0x200000ec   Data           3  user_conf.o(.data)
    Tend_Set_person                          0x200000ef   Data          10  user_conf.o(.data)
    person_sex                               0x200000f9   Data           1  user_conf.o(.data)
    Set_keshi                                0x200000fa   Data           1  user_conf.o(.data)
    Set_person_Num                           0x200000fb   Data           1  user_conf.o(.data)
    Set_person_name_Num                      0x200000fc   Data           1  user_conf.o(.data)
    Set_person_age_Num                       0x200000fd   Data           1  user_conf.o(.data)
    line_select                              0x200000fe   Data           1  user_conf.o(.data)
    Save_to_EEP_flag                         0x20000100   Data           2  user_conf.o(.data)
    Centrifugal_motor_orde                   0x20000102   Data           1  user_conf.o(.data)
    Centrifugal_motor_stop_flag              0x20000103   Data           1  user_conf.o(.data)
    Centrifugal_motor_stop_orde              0x20000104   Data           1  user_conf.o(.data)
    Centrifugal_motor_speed_Set              0x20000106   Data           2  user_conf.o(.data)
    Centrifugal_motor_speed_Adj              0x20000108   Data           1  user_conf.o(.data)
    motor_speed_step                         0x2000010a   Data           2  user_conf.o(.data)
    RS_485_flag                              0x2000010c   Data           1  user_conf.o(.data)
    Test_Step                                0x2000010d   Data           1  user_conf.o(.data)
    Test_step_retest                         0x2000010e   Data           1  user_conf.o(.data)
    Test_step_next                           0x2000010f   Data           1  user_conf.o(.data)
    test_time                                0x20000110   Data           1  user_conf.o(.data)
    Test_Flag                                0x20000112   Data           2  user_conf.o(.data)
    Mon_Pump_rpm                             0x20000114   Data           2  user_conf.o(.data)
    Factory_Auto_step                        0x20000116   Data           1  user_conf.o(.data)
    Factory_test_time                        0x20000118   Data           2  user_conf.o(.data)
    Factory_autorun_flag                     0x2000011a   Data           1  user_conf.o(.data)
    speed_change_flag                        0x2000011b   Data           1  user_conf.o(.data)
    Pump_Pause                               0x2000011c   Data           1  user_conf.o(.data)
    Work_Stop_Flag                           0x2000011d   Data           1  user_conf.o(.data)
    Set_Pump_Test_speed                      0x2000011e   Data           2  user_conf.o(.data)
    Set_Fill_speed                           0x20000120   Data           2  user_conf.o(.data)
    Set_Wash_speed                           0x20000122   Data           2  user_conf.o(.data)
    Set_Wash_speed_adj                       0x20000124   Data           2  user_conf.o(.data)
    Set_Empty_speed                          0x20000126   Data           2  user_conf.o(.data)
    Set_Wash_Volume                          0x20000128   Data           2  user_conf.o(.data)
    Set_Wash_ext_Volume                      0x2000012a   Data           2  user_conf.o(.data)
    Set_Prefill_Volume                       0x2000012c   Data           2  user_conf.o(.data)
    Set_Arlarm_ON_OFF                        0x2000012e   Data           1  user_conf.o(.data)
    Set_Run_Volume                           0x20000130   Data           2  user_conf.o(.data)
    Set_feiye                                0x20000132   Data           2  user_conf.o(.data)
    Set_Bowl                                 0x20000134   Data           1  user_conf.o(.data)
    prefill_flag                             0x20000135   Data           1  user_conf.o(.data)
    speed_now                                0x20000136   Data           2  user_conf.o(.data)
    Pre_fill_Volume                          0x20000138   Data           2  user_conf.o(.data)
    Set_Alarm_flag                           0x2000013a   Data           2  user_conf.o(.data)
    seting_flag                              0x2000013c   Data           1  user_conf.o(.data)
    wash_pump_adjust                         0x2000013e   Data           2  user_conf.o(.data)
    fill_pump_adjust                         0x20000140   Data           2  user_conf.o(.data)
    empty_pump_adjust_125                    0x20000142   Data           2  user_conf.o(.data)
    empty_pump_adjust_225                    0x20000144   Data           2  user_conf.o(.data)
    Monitor_Fill_buf_Flag                    0x20000146   Data           1  user_conf.o(.data)
    Monitor_Wash_buf_Flag                    0x20000147   Data           1  user_conf.o(.data)
    Monitor_Empty_buf_Flag                   0x20000148   Data           1  user_conf.o(.data)
    Monitor_Fill_speed                       0x2000014a   Data           2  user_conf.o(.data)
    Monitor_Wash_speed                       0x2000014c   Data           2  user_conf.o(.data)
    Monitor_Empty_speed                      0x2000014e   Data           2  user_conf.o(.data)
    Monitor_Fill_Volume                      0x20000150   Data           4  user_conf.o(.data)
    Monitor_Wash_Volume                      0x20000154   Data           4  user_conf.o(.data)
    Monitor_Empty_Volume                     0x20000158   Data           4  user_conf.o(.data)
    Monitor_Waste_Volume                     0x2000015c   Data           4  user_conf.o(.data)
    Monitor_Pre_fill_Volume                  0x20000160   Data           4  user_conf.o(.data)
    Monitor_Bowl_Fill_Volume                 0x20000164   Data           4  user_conf.o(.data)
    Monitor_Bowl_Wash_Volume                 0x20000168   Data           4  user_conf.o(.data)
    Monitor_Bowl_Empty_Volume                0x2000016c   Data           4  user_conf.o(.data)
    Monitor_Bowl_Fill_Count                  0x20000170   Data           2  user_conf.o(.data)
    Monitor_Bowl_Wash_Count                  0x20000172   Data           2  user_conf.o(.data)
    Monitor_Bowl_Empty_Count                 0x20000174   Data           2  user_conf.o(.data)
    Monitor_Empty_Force_Count                0x20000176   Data           2  user_conf.o(.data)
    Monitor_Fill_count                       0x20000178   Data           2  user_conf.o(.data)
    Monitor_Wash_count                       0x2000017a   Data           2  user_conf.o(.data)
    Monitor_Empty_count                      0x2000017c   Data           2  user_conf.o(.data)
    Monitor_Pre_fill_count                   0x2000017e   Data           2  user_conf.o(.data)
    Monitor_Aujst_count                      0x20000180   Data           2  user_conf.o(.data)
    Monitor_Fill_time                        0x20000182   Data           2  user_conf.o(.data)
    Monitor_Pre_Fill_time                    0x20000184   Data           2  user_conf.o(.data)
    Monitor_Wash_time                        0x20000186   Data           2  user_conf.o(.data)
    Monitor_Empty_time                       0x20000188   Data           2  user_conf.o(.data)
    Monitor_Conc_time                        0x2000018a   Data           2  user_conf.o(.data)
    Monitor_Return_time                      0x2000018c   Data           2  user_conf.o(.data)
    Pump_puls_count                          0x2000018e   Data           2  user_conf.o(.data)
    Monitor_Reservoir_weigh                  0x20000190   Data           2  user_conf.o(.data)
    Monitor_Green_AD                         0x20000192   Data           2  user_conf.o(.data)
    Monitor_Red_AD                           0x20000194   Data           2  user_conf.o(.data)
    Monitor_Air_AD                           0x20000196   Data           2  user_conf.o(.data)
    Monitor_Prees_AD                         0x20000198   Data           2  user_conf.o(.data)
    Monitor_Blood_AD                         0x2000019a   Data           2  user_conf.o(.data)
    Monitor_Dwon_weigh                       0x2000019c   Data           2  user_conf.o(.data)
    Monitor_P12_AD                           0x2000019e   Data           2  user_conf.o(.data)
    Wash_Bowl_Num                            0x200001a0   Data           1  user_conf.o(.data)
    reservoir_state                          0x200001a1   Data           1  user_conf.o(.data)
    monitor_reservoir_ml                     0x200001a2   Data           2  user_conf.o(.data)
    monitor_weast_ml                         0x200001a4   Data           4  user_conf.o(.data)
    reservoir_delay_check_cont               0x200001a8   Data           2  user_conf.o(.data)
    Centrifugal_motor_speed                  0x200001aa   Data           2  user_conf.o(.data)
    Reservoir_zero                           0x200001ac   Data           2  user_conf.o(.data)
    Reservoir_500                            0x200001ae   Data           2  user_conf.o(.data)
    Reservoir_leftover                       0x200001b0   Data           2  user_conf.o(.data)
    Dwon_weigh_7000                          0x200001b2   Data           2  user_conf.o(.data)
    Dwon_weigh_9000                          0x200001b4   Data           2  user_conf.o(.data)
    Cell_line                                0x200001b6   Data           1  user_conf.o(.data)
    print_flag                               0x200001b7   Data           1  user_conf.o(.data)
    main_dbug                                0x200001b8   Data           1  user_conf.o(.data)
    main_dbug_cont                           0x200001b9   Data           1  user_conf.o(.data)
    Alarm_dip_now                            0x200001ba   Data           1  user_conf.o(.data)
    Pump_GPIOx_1                             0x200001bc   Data           4  user_conf.o(.data)
    GPIOx_1_Pin                              0x200001c0   Data           2  user_conf.o(.data)
    Pump_GPIOx_2                             0x200001c4   Data           4  user_conf.o(.data)
    GPIOx_2_Pin                              0x200001c8   Data           2  user_conf.o(.data)
    iic_save                                 0x200001ca   Data           1  user_conf.o(.data)
    iic_save1                                0x200001cc   Data           2  user_conf.o(.data)
    back1                                    0x200001ce   Data           1  user_conf.o(.data)
    back2                                    0x200001d0   Data           2  user_conf.o(.data)
    Tend_Fill_Volume                         0x200001d2   Data           2  user_conf.o(.data)
    Tend_Wash_Volume                         0x200001d4   Data           2  user_conf.o(.data)
    Tend_Empty_Volume                        0x200001d6   Data           2  user_conf.o(.data)
    show_pic_flag                            0x200001d8   Data           1  user_conf.o(.data)
    Display_Loop                             0x200001d9   Data           1  user_conf.o(.data)
    PWOER_ON_FLAG                            0x200001da   Data           1  user_conf.o(.data)
    PWOER_ON_cont                            0x200001db   Data           1  user_conf.o(.data)
    Key_save_flag                            0x200001dc   Data           1  user_conf.o(.data)
    Key_num                                  0x200001de   Data           2  user_conf.o(.data)
    key_buf                                  0x200001e0   Data           3  user_conf.o(.data)
    Key_flag                                 0x200001e3   Data           1  user_conf.o(.data)
    g_nFifoRecvStart                         0x200001f8   Data           2  uart.o(.data)
    g_nFifoRecvEnd                           0x200001fa   Data           2  uart.o(.data)
    g_nFifoSendStart                         0x200001fc   Data           1  uart.o(.data)
    g_nFifoSendEnd                           0x200001fd   Data           1  uart.o(.data)
    bUart0SendBusy                           0x200001fe   Data           1  uart.o(.data)
    CommRecvBufLen                           0x200001ff   Data           1  uart.o(.data)
    TI0                                      0x20000200   Data           1  uart.o(.data)
    WaitDataType                             0x20000201   Data           1  uart.o(.data)
    iTmp                                     0x20000202   Data           1  uart.o(.data)
    SBUF0                                    0x20000203   Data           1  uart.o(.data)
    uart1_rx_num                             0x20000204   Data           1  uart.o(.data)
    Uart2_state                              0x20000205   Data           1  uart.o(.data)
    Uart2RecvBuf_Str_cont                    0x20000206   Data           1  uart.o(.data)
    Uart2_g_nFifoRecvStart                   0x20000208   Data           2  uart.o(.data)
    Uart2_g_nFifoRecvEnd                     0x2000020a   Data           2  uart.o(.data)
    Uart2_g_nFifoSendStart                   0x2000020c   Data           1  uart.o(.data)
    Uart2_g_nFifoSendEnd                     0x2000020d   Data           1  uart.o(.data)
    Uart2_bUart0SendBusy                     0x2000020e   Data           1  uart.o(.data)
    Uart2_CommRecvBufLen                     0x2000020f   Data           1  uart.o(.data)
    Uart2_WaitDataType                       0x20000210   Data           1  uart.o(.data)
    Monitor_Pump                             0x20000214   Data           6  adc.o(.data)
    tr                                       0x2000021c   Data           4  adc.o(.data)
    test_1                                   0x20000220   Data           4  adc.o(.data)
    AD_Loop_num                              0x20000224   Data           1  adc.o(.data)
    Air_check_conunt                         0x20000226   Data           2  adc.o(.data)
    Air_flag                                 0x20000228   Data           1  adc.o(.data)
    Blood_check_num                          0x20000229   Data           1  adc.o(.data)
    Fill_air_time                            0x2000022a   Data           2  adc.o(.data)
    air_time                                 0x2000022c   Data           2  adc.o(.data)
    Alarm_Sound_flag                         0x2000022e   Data           1  adc.o(.data)
    Alarm_loop_time                          0x20000230   Data           2  adc.o(.data)
    Reservoir_able_cont                      0x20000232   Data           1  adc.o(.data)
    PWOER_DWON_FLAG                          0x20000233   Data           1  adc.o(.data)
    Air_time                                 0x20000234   Data           1  adc.o(.data)
    No_Air_time                              0x20000235   Data           1  adc.o(.data)
    Monitor_Red_NO_Water                     0x20000236   Data           2  adc.o(.data)
    Monitor_Green_NO_Water                   0x20000238   Data           2  adc.o(.data)
    monitor_reservoir_ml_1s_av               0x2000023a   Data           2  adc.o(.data)
    Reservoir_ml_Samping_time                0x2000023c   Data           1  adc.o(.data)
    monitor_reservoir_ml_temp                0x2000023e   Data           2  adc.o(.data)
    monitor_reservoir_cont                   0x20000240   Data           1  adc.o(.data)
    Well_check_time_cont                     0x20000241   Data           1  adc.o(.data)
    Tend_Time                                0x2000024e   Data           8  user_dispaly.o(.data)
    Tend_fill_Time                           0x20000256   Data           8  user_dispaly.o(.data)
    Tend_wash_Time                           0x2000025e   Data           8  user_dispaly.o(.data)
    Tend_empty_Time                          0x20000266   Data           8  user_dispaly.o(.data)
    show_pic_test                            0x2000026e   Data           1  user_dispaly.o(.data)
    Alarm_switch_num                         0x2000026f   Data           1  user_dispaly.o(.data)
    Fac_set_num                              0x20000270   Data           1  touch_key_control.o(.data)
    Help_key_show                            0x20000271   Data           1  touch_key_control.o(.data)
    vido_run_falg                            0x20000272   Data           1  touch_key_control.o(.data)
    vido_stop_flag                           0x20000273   Data           1  touch_key_control.o(.data)
    speed_test                               0x20000276   Data           2  cell_saver_control.o(.data)
    start_time                               0x20000278   Data           2  cell_saver_control.o(.data)
    start_step                               0x2000027a   Data           2  cell_saver_control.o(.data)
    stop_time                                0x2000027c   Data           2  cell_saver_control.o(.data)
    pump_start_delay                         0x2000027e   Data           1  cell_saver_control.o(.data)
    wash_pump_adj_time                       0x2000027f   Data           1  cell_saver_control.o(.data)
    crc                                      0x20000280   Data           2  cell_saver_control.o(.data)
    Tx_485_Buf                               0x20000282   Data           8  cell_saver_control.o(.data)
    RS_485_error_num                         0x2000028a   Data           2  cell_saver_control.o(.data)
    RS_485_error_time                        0x2000028c   Data           1  cell_saver_control.o(.data)
    RS_485_error_time_max                    0x2000028d   Data           1  cell_saver_control.o(.data)
    PRT_MACHINE                              0x20000290   Data          27  print.o(.data)
    PRT_Med_No                               0x200002ab   Data           8  print.o(.data)
    PRT_patient_massage                      0x200002b3   Data          29  print.o(.data)
    PRT_yar                                  0x200002d0   Data           3  print.o(.data)
    PRT_mounth                               0x200002d3   Data           3  print.o(.data)
    PRT_day                                  0x200002d6   Data           3  print.o(.data)
    PRT_empty_tolal                          0x200002d9   Data          12  print.o(.data)
    PRT_wash_tolal                           0x200002e5   Data          12  print.o(.data)
    PRT_fill_tolal                           0x200002f1   Data          10  print.o(.data)
    PRT_ml                                   0x200002fb   Data           3  print.o(.data)
    PRT_company                              0x200002fe   Data          29  print.o(.data)
    print_able_flag                          0x2000031b   Data           1  print.o(.data)
    print_able_cont                          0x2000031c   Data           2  print.o(.data)
    send_cont                                0x2000031e   Data           1  print.o(.data)
    res                                      0x20000320   Data           1  sd_save.o(.data)
    br                                       0x20000324   Data           4  sd_save.o(.data)
    config_file_res                          0x20000328   Data           1  sd_save.o(.data)
    config_file_br                           0x2000032c   Data           4  sd_save.o(.data)
    textFileBuffer                           0x20000330   Data          15  sd_save.o(.data)
    textFileBuffer1                          0x2000033f   Data          66  sd_save.o(.data)
    file_path                                0x20000381   Data         255  sd_save.o(.data)
    cofig_file_path                          0x20000480   Data          14  sd_save.o(.data)
    sd_save_ptr                              0x2000048e   Data           2  sd_save.o(.data)
    Autosave_time                            0x20000490   Data           1  sd_save.o(.data)
    File_open_flag                           0x20000491   Data           1  sd_save.o(.data)
    SrcBuffer                                0x200004a8   Data           4  sdio_sd.o(.data)
    DestBuffer                               0x200004ac   Data           4  sdio_sd.o(.data)
    TransferError                            0x200004b0   Data           1  sdio_sd.o(.data)
    TransferEnd                              0x200004b4   Data           4  sdio_sd.o(.data)
    NumberOfBytes                            0x200004b8   Data           4  sdio_sd.o(.data)
    Series_No                                0x200004c4   Data          20  user_conf.o(.bss)
    Red_Tend                                 0x200004d8   Data          10  user_conf.o(.bss)
    Green_Tend                               0x200004e2   Data          10  user_conf.o(.bss)
    Uart3RecvBuf                             0x200004ec   Data         256  uart.o(.bss)
    UartSendBuf                              0x200005ec   Data          20  uart.o(.bss)
    CommRecvBuf                              0x20000600   Data         256  uart.o(.bss)
    UART1_RX                                 0x20000700   Data          20  uart.o(.bss)
    Uart2RecvBuf_Str                         0x20000714   Data          50  uart.o(.bss)
    Uart2RecvBuf                             0x20000746   Data         256  uart.o(.bss)
    Uart2_SendBuf                            0x20000846   Data          20  uart.o(.bss)
    Comm2_RecvBuf                            0x2000085a   Data         256  uart.o(.bss)
    Monitor_AD_last                          0x2000095c   Data          24  adc.o(.bss)
    monitor_reservoir_ml_buf_1s              0x20000974   Data          40  adc.o(.bss)
    fs                                       0x2000099c   Data         560  sd_save.o(.bss)
    fsrc                                     0x20000bcc   Data         548  sd_save.o(.bss)
    fsrc1                                    0x20000df0   Data         548  sd_save.o(.bss)
    config_file                              0x20001014   Data         548  sd_save.o(.bss)
    SD_Save_buf                              0x20001238   Data         512  sd_save.o(.bss)
    Read_buf                                 0x20001438   Data         512  sd_save.o(.bss)
    sys_infer_1                              0x20001638   Data           9  sd_save.o(.bss)
    sys_infer_2                              0x20001641   Data           9  sd_save.o(.bss)
    sys_infer_3                              0x2000164a   Data           9  sd_save.o(.bss)
    sys_infer_4                              0x20001653   Data           9  sd_save.o(.bss)
    sys_infer_5                              0x2000165c   Data           9  sd_save.o(.bss)
    sys_infer_6                              0x20001665   Data           9  sd_save.o(.bss)
    sys_infer_7                              0x2000166e   Data           9  sd_save.o(.bss)
    SDCardInfo                               0x20001698   Data          80  sdio_sd.o(.bss)
    SDIO_InitStructure                       0x200016e8   Data          24  sdio_sd.o(.bss)
    SDIO_CmdInitStructure                    0x20001700   Data          20  sdio_sd.o(.bss)
    SDIO_DataInitStructure                   0x20001714   Data          24  sdio_sd.o(.bss)
    __initial_sp                             0x20001b30   Data           0  startup_stm32f10x_hd.o(STACK)



==============================================================================

Memory Map of the image

  Image Entry point : 0x08000131

  Load Region LR_IROM1 (Base: 0x08000000, Size: 0x0001457c, Max: 0x00070000, ABSOLUTE, COMPRESSED[0x000141ec])

    Execution Region ER_IROM1 (Base: 0x08000000, Size: 0x000140b8, Max: 0x00070000, ABSOLUTE)

    Base Addr    Size         Type   Attr      Idx    E Section Name        Object

    0x08000000   0x00000130   Data   RO         3285    RESET               startup_stm32f10x_hd.o
    0x08000130   0x00000000   Code   RO         5570  * .ARM.Collect$$$$00000000  mc_w.l(entry.o)
    0x08000130   0x00000004   Code   RO         5605    .ARM.Collect$$$$00000001  mc_w.l(entry2.o)
    0x08000134   0x00000004   Code   RO         5608    .ARM.Collect$$$$00000004  mc_w.l(entry5.o)
    0x08000138   0x00000000   Code   RO         5610    .ARM.Collect$$$$00000008  mc_w.l(entry7b.o)
    0x08000138   0x00000000   Code   RO         5612    .ARM.Collect$$$$0000000A  mc_w.l(entry8b.o)
    0x08000138   0x00000008   Code   RO         5613    .ARM.Collect$$$$0000000B  mc_w.l(entry9a.o)
    0x08000140   0x00000000   Code   RO         5615    .ARM.Collect$$$$0000000D  mc_w.l(entry10a.o)
    0x08000140   0x00000000   Code   RO         5617    .ARM.Collect$$$$0000000F  mc_w.l(entry11a.o)
    0x08000140   0x00000004   Code   RO         5606    .ARM.Collect$$$$00002712  mc_w.l(entry2.o)
    0x08000144   0x00000024   Code   RO         3286    .text               startup_stm32f10x_hd.o
    0x08000168   0x000000b0   Code   RO         5573    .text               mf_w.l(fadd.o)
    0x08000218   0x00000064   Code   RO         5575    .text               mf_w.l(fmul.o)
    0x0800027c   0x0000007c   Code   RO         5577    .text               mf_w.l(fdiv.o)
    0x080002f8   0x0000014e   Code   RO         5579    .text               mf_w.l(dadd.o)
    0x08000446   0x000000e4   Code   RO         5581    .text               mf_w.l(dmul.o)
    0x0800052a   0x000000de   Code   RO         5583    .text               mf_w.l(ddiv.o)
    0x08000608   0x00000012   Code   RO         5585    .text               mf_w.l(fflti.o)
    0x0800061a   0x0000000a   Code   RO         5587    .text               mf_w.l(ffltui.o)
    0x08000624   0x0000001a   Code   RO         5589    .text               mf_w.l(dfltui.o)
    0x0800063e   0x00000028   Code   RO         5591    .text               mf_w.l(ffixui.o)
    0x08000666   0x00000032   Code   RO         5593    .text               mf_w.l(dfixui.o)
    0x08000698   0x00000026   Code   RO         5595    .text               mf_w.l(f2d.o)
    0x080006be   0x00000002   PAD
    0x080006c0   0x00000028   Code   RO         5597    .text               mf_w.l(cdrcmple.o)
    0x080006e8   0x00000038   Code   RO         5599    .text               mf_w.l(d2f.o)
    0x08000720   0x00000014   Code   RO         5601    .text               mf_w.l(cfcmple.o)
    0x08000734   0x00000014   Code   RO         5603    .text               mf_w.l(cfrcmple.o)
    0x08000748   0x0000001e   Code   RO         5619    .text               mc_w.l(llshl.o)
    0x08000766   0x00000020   Code   RO         5621    .text               mc_w.l(llushr.o)
    0x08000786   0x00000024   Code   RO         5623    .text               mc_w.l(llsshr.o)
    0x080007aa   0x00000000   Code   RO         5625    .text               mc_w.l(iusefp.o)
    0x080007aa   0x0000006e   Code   RO         5626    .text               mf_w.l(fepilogue.o)
    0x08000818   0x000000b6   Code   RO         5628    .text               mf_w.l(depilogue.o)
    0x080008ce   0x00000002   PAD
    0x080008d0   0x00000024   Code   RO         5630    .text               mc_w.l(init.o)
    0x080008f4   0x00000056   Code   RO         5640    .text               mc_w.l(__dczerorl2.o)
    0x0800094a   0x00000016   Code   RO          807    i.ADC_Cmd           stm32f10x_adc.o
    0x08000960   0x0000005c   Code   RO          809    i.ADC_DeInit        stm32f10x_adc.o
    0x080009bc   0x00000014   Code   RO          815    i.ADC_GetCalibrationStatus  stm32f10x_adc.o
    0x080009d0   0x00000008   Code   RO          816    i.ADC_GetConversionValue  stm32f10x_adc.o
    0x080009d8   0x00000012   Code   RO          818    i.ADC_GetFlagStatus  stm32f10x_adc.o
    0x080009ea   0x00000014   Code   RO          821    i.ADC_GetResetCalibrationStatus  stm32f10x_adc.o
    0x080009fe   0x00000002   PAD
    0x08000a00   0x00000050   Code   RO          825    i.ADC_Init          stm32f10x_adc.o
    0x08000a50   0x000000b8   Code   RO          829    i.ADC_RegularChannelConfig  stm32f10x_adc.o
    0x08000b08   0x0000000a   Code   RO          830    i.ADC_ResetCalibration  stm32f10x_adc.o
    0x08000b12   0x00000016   Code   RO          832    i.ADC_SoftwareStartConvCmd  stm32f10x_adc.o
    0x08000b28   0x0000000a   Code   RO          834    i.ADC_StartCalibration  stm32f10x_adc.o
    0x08000b32   0x00000002   PAD
    0x08000b34   0x00000034   Code   RO         3523    i.ADResult          adc.o
    0x08000b68   0x00000110   Code   RO         3524    i.AD_Loop           adc.o
    0x08000c78   0x0000002c   Code   RO         4811    i.AT24CXX_Readword  24c256.o
    0x08000ca4   0x00000024   Code   RO         4812    i.AT24CXX_Writeword  24c256.o
    0x08000cc8   0x000000bc   Code   RO         3525    i.Adc_Init          adc.o
    0x08000d84   0x000004ec   Code   RO         3526    i.Air_check         adc.o
    0x08001270   0x000000f0   Code   RO         3527    i.Alarm_Sound       adc.o
    0x08001360   0x0000007c   Code   RO         3528    i.Alarm_Update      adc.o
    0x080013dc   0x00000488   Code   RO         4485    i.Auto_Run          cell_saver_control.o
    0x08001864   0x00000010   Code   RO         1025    i.BKP_DeInit        stm32f10x_bkp.o
    0x08001874   0x0000001c   Code   RO         1030    i.BKP_ReadBackupRegister  stm32f10x_bkp.o
    0x08001890   0x0000001c   Code   RO         1034    i.BKP_WriteBackupRegister  stm32f10x_bkp.o
    0x080018ac   0x000000d0   Code   RO         3530    i.Blood_Check       adc.o
    0x0800197c   0x0000039c   Code   RO         4695    i.Blue_teeth_1      print.o
    0x08001d18   0x0000006e   Code   RO         4696    i.Blue_teeth_TX_Data  print.o
    0x08001d86   0x00000028   Code   RO         4697    i.Blue_teeth_TX_Head  print.o
    0x08001dae   0x00000010   Code   RO         4698    i.Blue_teeth_TX_Tail  print.o
    0x08001dbe   0x00000004   Code   RO            1    i.BusFault_Handler  stm32f10x_it.o
    0x08001dc2   0x0000003c   Code   RO         4486    i.CRC_CHK           cell_saver_control.o
    0x08001dfe   0x00000002   PAD
    0x08001e00   0x000001a4   Code   RO         4487    i.Cell_Saver_Control  cell_saver_control.o
    0x08001fa4   0x00000060   Code   RO         4488    i.Centrifugal_motor  cell_saver_control.o
    0x08002004   0x0000018c   Code   RO         4957    i.Change_hex_to_str  sd_save.o
    0x08002190   0x0000002c   Code   RO         4813    i.Clr_save_add      24c256.o
    0x080021bc   0x0000002c   Code   RO         5047    i.CmdError          sdio_sd.o
    0x080021e8   0x00000134   Code   RO         5048    i.CmdResp1Error     sdio_sd.o
    0x0800231c   0x0000004c   Code   RO         5049    i.CmdResp2Error     sdio_sd.o
    0x08002368   0x00000038   Code   RO         5050    i.CmdResp3Error     sdio_sd.o
    0x080023a0   0x0000009c   Code   RO         5051    i.CmdResp6Error     sdio_sd.o
    0x0800243c   0x0000004c   Code   RO         5052    i.CmdResp7Error     sdio_sd.o
    0x08002488   0x00000104   Code   RO         3333    i.Com2_ReadCmd      uart.o
    0x0800258c   0x0000001c   Code   RO         3334    i.Com2_TestHead     uart.o
    0x080025a8   0x00000080   Code   RO         3335    i.Com2_TestTail     uart.o
    0x08002628   0x00000104   Code   RO         3336    i.ComReadCmd        uart.o
    0x0800272c   0x0000001c   Code   RO         3337    i.ComTestHead       uart.o
    0x08002748   0x00000080   Code   RO         3338    i.ComTestTail       uart.o
    0x080027c8   0x00000210   Code   RO         4489    i.Conc              cell_saver_control.o
    0x080029d8   0x00000128   Code   RO         4958    i.Creat_file_path   sd_save.o
    0x08002b00   0x0000001c   Code   RO         1475    i.DMA_ClearFlag     stm32f10x_dma.o
    0x08002b1c   0x00000018   Code   RO         1477    i.DMA_Cmd           stm32f10x_dma.o
    0x08002b34   0x0000002c   Code   RO         1480    i.DMA_GetFlagStatus  stm32f10x_dma.o
    0x08002b60   0x0000003c   Code   RO         1483    i.DMA_Init          stm32f10x_dma.o
    0x08002b9c   0x00000002   Code   RO            2    i.DebugMon_Handler  stm32f10x_it.o
    0x08002b9e   0x0000000a   Code   RO          185    i.Delay             main.o
    0x08002ba8   0x00000278   Code   RO         4011    i.Dwin_Alarm_Display  user_dispaly.o
    0x08002e20   0x000000b0   Code   RO         4012    i.Dwin_Mode_Display  user_dispaly.o
    0x08002ed0   0x00000060   Code   RO         4013    i.Dwin_Monitor_Display  user_dispaly.o
    0x08002f30   0x00000184   Code   RO         4014    i.Dwin_Pause_Display  user_dispaly.o
    0x080030b4   0x00000070   Code   RO         4015    i.Dwin_Pump_Delay_Display  user_dispaly.o
    0x08003124   0x00000288   Code   RO         4016    i.Dwin_Pump_State_Display  user_dispaly.o
    0x080033ac   0x000001c8   Code   RO         4017    i.Dwin_Pump_speed_Display  user_dispaly.o
    0x08003574   0x00000630   Code   RO         4018    i.Dwin_Set_Alarm_Display  user_dispaly.o
    0x08003ba4   0x00000460   Code   RO         4019    i.Dwin_Set_Time_Display  user_dispaly.o
    0x08004004   0x000005ac   Code   RO         4020    i.Dwin_Set_pra_Display  user_dispaly.o
    0x080045b0   0x00000058   Code   RO         3814    i.Dwin_Text_1_Display  m600_api.o
    0x08004608   0x00000032   Code   RO         3815    i.Dwin_Text_Display  m600_api.o
    0x0800463a   0x00000002   PAD
    0x0800463c   0x0000074c   Code   RO         4023    i.Dwin_info_Display  user_dispaly.o
    0x08004d88   0x000003b8   Code   RO         4490    i.Empty             cell_saver_control.o
    0x08005140   0x000001e8   Code   RO         4491    i.Factory_Auto_run  cell_saver_control.o
    0x08005328   0x00000084   Code   RO         4024    i.Factory_Line_display  user_dispaly.o
    0x080053ac   0x00000088   Code   RO         4025    i.Factory_Line_num_display  user_dispaly.o
    0x08005434   0x000000bc   Code   RO         4959    i.File_sys_int      sd_save.o
    0x080054f0   0x0000027c   Code   RO         4492    i.Fill              cell_saver_control.o
    0x0800576c   0x0000019c   Code   RO         5053    i.FindSCR           sdio_sd.o
    0x08005908   0x0000008c   Code   RO         3532    i.Fluid             adc.o
    0x08005994   0x0000002c   Code   RO         3475    i.GPIO_AIR_PULS_Configuration  gpio_set.o
    0x080059c0   0x00000068   Code   RO         3476    i.GPIO_Alarm_Init   gpio_set.o
    0x08005a28   0x0000001c   Code   RO         3477    i.GPIO_Configuration  gpio_set.o
    0x08005a44   0x00000116   Code   RO          493    i.GPIO_Init         stm32f10x_gpio.o
    0x08005b5a   0x00000002   PAD
    0x08005b5c   0x0000002c   Code   RO         3478    i.GPIO_LED_Init     gpio_set.o
    0x08005b88   0x0000002c   Code   RO         3479    i.GPIO_LOUYE_Configuration  gpio_set.o
    0x08005bb4   0x000000b0   Code   RO         3480    i.GPIO_PUMP_Configuration  gpio_set.o
    0x08005c64   0x00000012   Code   RO          497    i.GPIO_ReadInputDataBit  stm32f10x_gpio.o
    0x08005c76   0x00000012   Code   RO          499    i.GPIO_ReadOutputDataBit  stm32f10x_gpio.o
    0x08005c88   0x00000004   Code   RO          500    i.GPIO_ResetBits    stm32f10x_gpio.o
    0x08005c8c   0x00000004   Code   RO          501    i.GPIO_SetBits      stm32f10x_gpio.o
    0x08005c90   0x00000038   Code   RO         3481    i.GPIO_TEST_Init    gpio_set.o
    0x08005cc8   0x000000d8   Code   RO         4026    i.GUI_contorl       user_dispaly.o
    0x08005da0   0x00000064   Code   RO         4435    i.Green_Pump_Test   pump_control.o
    0x08005e04   0x0000004c   Code   RO         4027    i.Gui_Set_alarm_display  user_dispaly.o
    0x08005e50   0x00000044   Code   RO         4028    i.Gui_Set_display   user_dispaly.o
    0x08005e94   0x000003e4   Code   RO         4029    i.Gui_Set_huanzhe_display  user_dispaly.o
    0x08006278   0x000001c4   Code   RO         4030    i.Gui_Set_mode_display  user_dispaly.o
    0x0800643c   0x00000050   Code   RO         4031    i.Gui_Set_pra_display  user_dispaly.o
    0x0800648c   0x0000004c   Code   RO         4032    i.Gui_Set_time_display  user_dispaly.o
    0x080064d8   0x00000068   Code   RO         4033    i.Gui_Show_Pic_full  user_dispaly.o
    0x08006540   0x000001b4   Code   RO         4034    i.Gui_Tend_display  user_dispaly.o
    0x080066f4   0x000003c8   Code   RO         4035    i.Gui_Test_display  user_dispaly.o
    0x08006abc   0x00000260   Code   RO         4036    i.Gui_factory_1_display  user_dispaly.o
    0x08006d1c   0x00000224   Code   RO         4037    i.Gui_factory_display  user_dispaly.o
    0x08006f40   0x00000118   Code   RO         4038    i.Gui_factory_time_display  user_dispaly.o
    0x08007058   0x000000ac   Code   RO         4039    i.Gui_select_display  user_dispaly.o
    0x08007104   0x000003b8   Code   RO         4040    i.Gui_work_display  user_dispaly.o
    0x080074bc   0x00000004   Code   RO            3    i.HardFault_Handler  stm32f10x_it.o
    0x080074c0   0x00000054   Code   RO         4816    i.I2C_ReadByte      24c256.o
    0x08007514   0x0000005c   Code   RO         4817    i.I2C_WriteByte     24c256.o
    0x08007570   0x00000054   Code   RO         3719    i.IIC_Configuration  iic.o
    0x080075c4   0x00000034   Code   RO         3720    i.IIC_NAck          iic.o
    0x080075f8   0x00000054   Code   RO         3721    i.IIC_Read_Byte     iic.o
    0x0800764c   0x0000005c   Code   RO         3722    i.IIC_Send_Byte     iic.o
    0x080076a8   0x0000003c   Code   RO         3723    i.IIC_Start         iic.o
    0x080076e4   0x0000003c   Code   RO         3724    i.IIC_Stop          iic.o
    0x08007720   0x0000005c   Code   RO         3725    i.IIC_Wait_Ack      iic.o
    0x0800777c   0x0000000e   Code   RO         3726    i.IIC_delay         iic.o
    0x0800778a   0x00000002   PAD
    0x0800778c   0x000002cc   Code   RO         3816    i.Integer_Number_Change_String  m600_api.o
    0x08007a58   0x0000019c   Code   RO         5054    i.IsCardProgramming  sdio_sd.o
    0x08007bf4   0x0000003a   Code   RO         3652    i.Is_Leap_Year      rtc.o
    0x08007c2e   0x00000002   PAD
    0x08007c30   0x00000054   Code   RO         3653    i.LED_flash         rtc.o
    0x08007c84   0x00000294   Code   RO         4041    i.M600_DISPLAY_Auto_run  user_dispaly.o
    0x08007f18   0x00000104   Code   RO         4042    i.M600_DISPLAY_Bowl_Prefill  user_dispaly.o
    0x0800801c   0x00000244   Code   RO         4043    i.M600_DISPLAY_Bowl_Wash  user_dispaly.o
    0x08008260   0x0000006c   Code   RO         4044    i.M600_DISPLAY_Bowl_num  user_dispaly.o
    0x080082cc   0x000000f4   Code   RO         4045    i.M600_DISPLAY_Date  user_dispaly.o
    0x080083c0   0x0000000c   Code   RO         4046    i.M600_DISPLAY_Date_time  user_dispaly.o
    0x080083cc   0x0000004e   Code   RO         4048    i.M600_DISPLAY_Tend_Monitor  user_dispaly.o
    0x0800841a   0x00000002   PAD
    0x0800841c   0x0000002c   Code   RO         4050    i.M600_DISPLAY_Tend_huanzhe  user_dispaly.o
    0x08008448   0x000000b8   Code   RO         4051    i.M600_DISPLAY_Tend_page  user_dispaly.o
    0x08008500   0x00000178   Code   RO         4052    i.M600_DISPLAY_Tend_time  user_dispaly.o
    0x08008678   0x000000a4   Code   RO         4053    i.M600_DISPLAY_Time  user_dispaly.o
    0x0800871c   0x0000005e   Code   RO         3818    i.M600_Deal_Picture  m600_api.o
    0x0800877a   0x00000066   Code   RO         3826    i.M600_Set_Display  m600_api.o
    0x080087e0   0x00000024   Code   RO         3828    i.M600_Set_Palette  m600_api.o
    0x08008804   0x0000004c   Code   RO         3829    i.M600_Set_Text_Display  m600_api.o
    0x08008850   0x00000024   Code   RO         3830    i.M600_Set_background  m600_api.o
    0x08008874   0x0000002a   Code   RO         3832    i.M600_Text_0X55_Display  m600_api.o
    0x0800889e   0x0000002a   Code   RO         3833    i.M600_Text_0X64_Display  m600_api.o
    0x080088c8   0x00000060   Code   RO         3834    i.M600_Text_2_Display  m600_api.o
    0x08008928   0x0000003e   Code   RO         3835    i.M600_Text_Display  m600_api.o
    0x08008966   0x00000002   PAD
    0x08008968   0x000000f4   Code   RO         4054    i.Main_Dbug_Display  user_dispaly.o
    0x08008a5c   0x00000004   Code   RO            4    i.MemManage_Handler  stm32f10x_it.o
    0x08008a60   0x000000d8   Code   RO         4493    i.Motor_Check       cell_saver_control.o
    0x08008b38   0x00000174   Code   RO         4494    i.Motor_Read_State  cell_saver_control.o
    0x08008cac   0x00000178   Code   RO         4495    i.Motor_Set_Fre     cell_saver_control.o
    0x08008e24   0x00000150   Code   RO         4496    i.Motor_Start       cell_saver_control.o
    0x08008f74   0x00000130   Code   RO         4497    i.Motor_Stop        cell_saver_control.o
    0x080090a4   0x00000002   Code   RO            5    i.NMI_Handler       stm32f10x_it.o
    0x080090a6   0x00000002   PAD
    0x080090a8   0x000001cc   Code   RO         4498    i.NO_wash           cell_saver_control.o
    0x08009274   0x00000136   Code   RO         3291    i.NVIC_Configuration  time.o
    0x080093aa   0x00000002   PAD
    0x080093ac   0x00000070   Code   RO          274    i.NVIC_Init         misc.o
    0x0800941c   0x00000014   Code   RO          275    i.NVIC_PriorityGroupConfig  misc.o
    0x08009430   0x000000e4   Code   RO         4700    i.PRT_Date          print.o
    0x08009514   0x0000001a   Code   RO         4701    i.PRT_EMPTY_TOTAL   print.o
    0x0800952e   0x00000002   PAD
    0x08009530   0x0000009c   Code   RO         4702    i.PRT_Time          print.o
    0x080095cc   0x000000f8   Code   RO         3801    i.PWM_Init          pwm.o
    0x080096c4   0x0000000c   Code   RO         1967    i.PWR_BackupAccessCmd  stm32f10x_pwr.o
    0x080096d0   0x00000002   Code   RO            6    i.PendSV_Handler    stm32f10x_it.o
    0x080096d2   0x00000002   PAD
    0x080096d4   0x00000044   Code   RO         3654    i.Power_Time        rtc.o
    0x08009718   0x000002e8   Code   RO         4499    i.Pre_Fill          cell_saver_control.o
    0x08009a00   0x000000e4   Code   RO         4703    i.Print_Date        print.o
    0x08009ae4   0x000000bc   Code   RO         4704    i.Print_Report      print.o
    0x08009ba0   0x0000009c   Code   RO         4705    i.Print_Time        print.o
    0x08009c3c   0x00000054   Code   RO         4055    i.Printer_state_Display  user_dispaly.o
    0x08009c90   0x0000004c   Code   RO            7    i.Pump_Chose        stm32f10x_it.o
    0x08009cdc   0x0000002a   Code   RO         4500    i.Pump_Fre_SET      cell_saver_control.o
    0x08009d06   0x00000002   PAD
    0x08009d08   0x00000034   Code   RO         4436    i.Pump_Stop_Test    pump_control.o
    0x08009d3c   0x00000580   Code   RO         3533    i.Pump_Volume_check  adc.o
    0x0800a2bc   0x000000a0   Code   RO         3534    i.Pump_alarm_check  adc.o
    0x0800a35c   0x0000003c   Code   RO         4501    i.Pump_puls_change  cell_saver_control.o
    0x0800a398   0x0000001a   Code   RO         4502    i.Pump_set_ARR      cell_saver_control.o
    0x0800a3b2   0x00000002   PAD
    0x0800a3b4   0x000000b4   Code   RO         4504    i.Pump_smooth_start  cell_saver_control.o
    0x0800a468   0x00000016   Code   RO         4505    i.Pump_speed_change_TO_ARR  cell_saver_control.o
    0x0800a47e   0x00000002   PAD
    0x0800a480   0x000002b8   Code   RO         3535    i.Pump_speed_check  adc.o
    0x0800a738   0x00000240   Code   RO         3536    i.Pump_speed_check_inside  adc.o
    0x0800a978   0x00000018   Code   RO          601    i.RCC_ADCCLKConfig  stm32f10x_rcc.o
    0x0800a990   0x00000020   Code   RO          602    i.RCC_AHBPeriphClockCmd  stm32f10x_rcc.o
    0x0800a9b0   0x00000020   Code   RO          603    i.RCC_APB1PeriphClockCmd  stm32f10x_rcc.o
    0x0800a9d0   0x00000020   Code   RO          604    i.RCC_APB1PeriphResetCmd  stm32f10x_rcc.o
    0x0800a9f0   0x00000020   Code   RO          605    i.RCC_APB2PeriphClockCmd  stm32f10x_rcc.o
    0x0800aa10   0x00000020   Code   RO          606    i.RCC_APB2PeriphResetCmd  stm32f10x_rcc.o
    0x0800aa30   0x0000000c   Code   RO          608    i.RCC_BackupResetCmd  stm32f10x_rcc.o
    0x0800aa3c   0x00000042   Code   RO         3321    i.RCC_Configuration  rcc.o
    0x0800aa7e   0x00000002   PAD
    0x0800aa80   0x0000004c   Code   RO          612    i.RCC_DeInit        stm32f10x_rcc.o
    0x0800aacc   0x000000d4   Code   RO          613    i.RCC_GetClocksFreq  stm32f10x_rcc.o
    0x0800aba0   0x0000003c   Code   RO          614    i.RCC_GetFlagStatus  stm32f10x_rcc.o
    0x0800abdc   0x00000018   Code   RO          617    i.RCC_HCLKConfig    stm32f10x_rcc.o
    0x0800abf4   0x0000004c   Code   RO          618    i.RCC_HSEConfig     stm32f10x_rcc.o
    0x0800ac40   0x00000034   Code   RO          621    i.RCC_LSEConfig     stm32f10x_rcc.o
    0x0800ac74   0x0000000c   Code   RO          626    i.RCC_PLLCmd        stm32f10x_rcc.o
    0x0800ac80   0x0000001c   Code   RO          627    i.RCC_PLLConfig     stm32f10x_rcc.o
    0x0800ac9c   0x0000000c   Code   RO          628    i.RCC_RTCCLKCmd     stm32f10x_rcc.o
    0x0800aca8   0x00000010   Code   RO          629    i.RCC_RTCCLKConfig  stm32f10x_rcc.o
    0x0800acb8   0x00000018   Code   RO          630    i.RCC_SYSCLKConfig  stm32f10x_rcc.o
    0x0800acd0   0x00000038   Code   RO          632    i.RCC_WaitForHSEStartUp  stm32f10x_rcc.o
    0x0800ad08   0x00000014   Code   RO         2032    i.RTC_EnterConfigMode  stm32f10x_rtc.o
    0x0800ad1c   0x00000014   Code   RO         2033    i.RTC_ExitConfigMode  stm32f10x_rtc.o
    0x0800ad30   0x00000128   Code   RO         3656    i.RTC_Get           rtc.o
    0x0800ae58   0x0000004c   Code   RO            8    i.RTC_IRQHandler    stm32f10x_it.o
    0x0800aea4   0x00000020   Code   RO         2038    i.RTC_ITConfig      stm32f10x_rtc.o
    0x0800aec4   0x000000d8   Code   RO         3657    i.RTC_Init          rtc.o
    0x0800af9c   0x0000010c   Code   RO         3658    i.RTC_Set           rtc.o
    0x0800b0a8   0x00000020   Code   RO         2041    i.RTC_SetPrescaler  stm32f10x_rtc.o
    0x0800b0c8   0x00000014   Code   RO         2042    i.RTC_WaitForLastTask  stm32f10x_rtc.o
    0x0800b0dc   0x00000024   Code   RO         2043    i.RTC_WaitForSynchro  stm32f10x_rtc.o
    0x0800b100   0x0000009c   Code   RO         4818    i.Read_Poweron_time  24c256.o
    0x0800b19c   0x00000048   Code   RO         4820    i.Read_fill_time    24c256.o
    0x0800b1e4   0x00000100   Code   RO         4821    i.Read_from_bkp     24c256.o
    0x0800b2e4   0x00000040   Code   RO         4822    i.Read_huanzhe      24c256.o
    0x0800b324   0x00000068   Code   RO         4823    i.Read_sta          24c256.o
    0x0800b38c   0x00000344   Code   RO         4824    i.Read_state_and_setting  24c256.o
    0x0800b6d0   0x00000048   Code   RO         4825    i.Read_wash_time    24c256.o
    0x0800b718   0x00000084   Code   RO         4438    i.Red_Pump_Test     pump_control.o
    0x0800b79c   0x000000d8   Code   RO         4056    i.Res_state_Display  user_dispaly.o
    0x0800b874   0x000001e4   Code   RO         4507    i.Return            cell_saver_control.o
    0x0800ba58   0x00000124   Code   RO         5055    i.SDEnWideBus       sdio_sd.o
    0x0800bb7c   0x0000000c   Code   RO         2121    i.SDIO_ClearFlag    stm32f10x_sdio.o
    0x0800bb88   0x0000000c   Code   RO         2122    i.SDIO_ClearITPendingBit  stm32f10x_sdio.o
    0x0800bb94   0x0000000c   Code   RO         2123    i.SDIO_ClockCmd     stm32f10x_sdio.o
    0x0800bba0   0x0000000c   Code   RO         2126    i.SDIO_DMACmd       stm32f10x_sdio.o
    0x0800bbac   0x00000030   Code   RO         2127    i.SDIO_DataConfig   stm32f10x_sdio.o
    0x0800bbdc   0x00000024   Code   RO         2129    i.SDIO_DeInit       stm32f10x_sdio.o
    0x0800bc00   0x0000000c   Code   RO         2130    i.SDIO_GetCommandResponse  stm32f10x_sdio.o
    0x0800bc0c   0x00000018   Code   RO         2133    i.SDIO_GetFlagStatus  stm32f10x_sdio.o
    0x0800bc24   0x00000018   Code   RO         2134    i.SDIO_GetITStatus  stm32f10x_sdio.o
    0x0800bc3c   0x00000010   Code   RO         2135    i.SDIO_GetPowerState  stm32f10x_sdio.o
    0x0800bc4c   0x00000018   Code   RO         2136    i.SDIO_GetResponse  stm32f10x_sdio.o
    0x0800bc64   0x00000008   Code   RO            9    i.SDIO_IRQHandler   stm32f10x_it.o
    0x0800bc6c   0x00000020   Code   RO         2137    i.SDIO_ITConfig     stm32f10x_sdio.o
    0x0800bc8c   0x00000030   Code   RO         2138    i.SDIO_Init         stm32f10x_sdio.o
    0x0800bcbc   0x0000000c   Code   RO         2139    i.SDIO_ReadData     stm32f10x_sdio.o
    0x0800bcc8   0x0000002c   Code   RO         2141    i.SDIO_SendCommand  stm32f10x_sdio.o
    0x0800bcf4   0x0000001c   Code   RO         2143    i.SDIO_SetPowerState  stm32f10x_sdio.o
    0x0800bd10   0x0000000c   Code   RO         2149    i.SDIO_WriteData    stm32f10x_sdio.o
    0x0800bd1c   0x00000010   Code   RO         5056    i.SD_DMAEndOfTransferStatus  sdio_sd.o
    0x0800bd2c   0x00000098   Code   RO         5059    i.SD_EnableWideBusOperation  sdio_sd.o
    0x0800bdc4   0x000002cc   Code   RO         5061    i.SD_GetCardInfo    sdio_sd.o
    0x0800c090   0x00000084   Code   RO         5065    i.SD_Init           sdio_sd.o
    0x0800c114   0x00000140   Code   RO         5066    i.SD_InitializeCards  sdio_sd.o
    0x0800c254   0x00000064   Code   RO         5067    i.SD_LowLevel_DMA_RxConfig  sdio_sd.o
    0x0800c2b8   0x00000064   Code   RO         5068    i.SD_LowLevel_DMA_TxConfig  sdio_sd.o
    0x0800c31c   0x00000050   Code   RO         5069    i.SD_LowLevel_Init  sdio_sd.o
    0x0800c36c   0x00000190   Code   RO         5071    i.SD_PowerON        sdio_sd.o
    0x0800c4fc   0x00000248   Code   RO         5072    i.SD_ProcessIRQSrc  sdio_sd.o
    0x0800c744   0x0000027c   Code   RO         5073    i.SD_ReadBlock      sdio_sd.o
    0x0800c9c0   0x000002f4   Code   RO         5074    i.SD_ReadMultiBlocks  sdio_sd.o
    0x0800ccb4   0x00000034   Code   RO         5075    i.SD_SelectDeselect  sdio_sd.o
    0x0800cce8   0x0000001c   Code   RO         5078    i.SD_SetDeviceMode  sdio_sd.o
    0x0800cd04   0x00000034   Code   RO         5079    i.SD_StopTransfer   sdio_sd.o
    0x0800cd38   0x0000036c   Code   RO         5080    i.SD_WriteBlock     sdio_sd.o
    0x0800d0a4   0x00000410   Code   RO         5081    i.SD_WriteMultiBlocks  sdio_sd.o
    0x0800d4b4   0x00000002   Code   RO           10    i.SVC_Handler       stm32f10x_it.o
    0x0800d4b6   0x00000002   PAD
    0x0800d4b8   0x00000098   Code   RO         4826    i.Save_Poweron_time  24c256.o
    0x0800d550   0x00000520   Code   RO         4828    i.Save_state_and_setting  24c256.o
    0x0800da70   0x000000a8   Code   RO         4829    i.Save_to_bkp       24c256.o
    0x0800db18   0x00000028   Code   RO         3537    i.Sensor_Update     adc.o
    0x0800db40   0x00000008   Code   RO         3249    i.SetSysClock       system_stm32f10x.o
    0x0800db48   0x000000e0   Code   RO         3250    i.SetSysClockTo72   system_stm32f10x.o
    0x0800dc28   0x00000060   Code   RO         4508    i.Standby           cell_saver_control.o
    0x0800dc88   0x00000034   Code   RO         4509    i.Stop              cell_saver_control.o
    0x0800dcbc   0x00000028   Code   RO          278    i.SysTick_CLKSourceConfig  misc.o
    0x0800dce4   0x00000002   Code   RO           11    i.SysTick_Handler   stm32f10x_it.o
    0x0800dce6   0x00000002   PAD
    0x0800dce8   0x00000060   Code   RO         3252    i.SystemInit        system_stm32f10x.o
    0x0800dd48   0x0000003c   Code   RO           12    i.TIM2_IRQHandler   stm32f10x_it.o
    0x0800dd84   0x00000002   Code   RO           13    i.TIM3_IRQHandler   stm32f10x_it.o
    0x0800dd86   0x00000002   PAD
    0x0800dd88   0x000000d8   Code   RO           14    i.TIM4_IRQHandler   stm32f10x_it.o
    0x0800de60   0x00000018   Code   RO         2457    i.TIM_ARRPreloadConfig  stm32f10x_tim.o
    0x0800de78   0x00000006   Code   RO         2463    i.TIM_ClearFlag     stm32f10x_tim.o
    0x0800de7e   0x00000006   Code   RO         2464    i.TIM_ClearITPendingBit  stm32f10x_tim.o
    0x0800de84   0x00000018   Code   RO         2469    i.TIM_Cmd           stm32f10x_tim.o
    0x0800de9c   0x000000a4   Code   RO         3292    i.TIM_Configuration  time.o
    0x0800df40   0x000001e8   Code   RO         2474    i.TIM_DeInit        stm32f10x_tim.o
    0x0800e128   0x00000022   Code   RO         2490    i.TIM_GetITStatus   stm32f10x_tim.o
    0x0800e14a   0x00000012   Code   RO         2494    i.TIM_ITConfig      stm32f10x_tim.o
    0x0800e15c   0x00000098   Code   RO         2498    i.TIM_OC1Init       stm32f10x_tim.o
    0x0800e1f4   0x00000012   Code   RO         2501    i.TIM_OC1PreloadConfig  stm32f10x_tim.o
    0x0800e206   0x00000002   PAD
    0x0800e208   0x000000a4   Code   RO         2503    i.TIM_OC2Init       stm32f10x_tim.o
    0x0800e2ac   0x0000001a   Code   RO         2506    i.TIM_OC2PreloadConfig  stm32f10x_tim.o
    0x0800e2c6   0x00000004   Code   RO         2530    i.TIM_SetCompare1   stm32f10x_tim.o
    0x0800e2ca   0x00000004   Code   RO         2531    i.TIM_SetCompare2   stm32f10x_tim.o
    0x0800e2ce   0x00000002   PAD
    0x0800e2d0   0x000000a4   Code   RO         2540    i.TIM_TimeBaseInit  stm32f10x_tim.o
    0x0800e374   0x000005ec   Code   RO         4510    i.Test_self         cell_saver_control.o
    0x0800e960   0x0000010c   Code   RO         4961    i.Time_push_to_buf  sd_save.o
    0x0800ea6c   0x00000564   Code   RO         4313    i.Touch_Key_Factory  touch_key_control.o
    0x0800efd0   0x00000250   Code   RO         4315    i.Touch_Key_Huanzhe  touch_key_control.o
    0x0800f220   0x00000cd4   Code   RO         4316    i.Touch_Key_Main    touch_key_control.o
    0x0800fef4   0x000003e4   Code   RO         4317    i.Touch_Key_Set     touch_key_control.o
    0x080102d8   0x000002cc   Code   RO         4318    i.Touch_Key_Set_Alarm  touch_key_control.o
    0x080105a4   0x00000248   Code   RO         4319    i.Touch_Key_Set_Pra  touch_key_control.o
    0x080107ec   0x000001c0   Code   RO         4320    i.Touch_Key_Set_Time_8200b  touch_key_control.o
    0x080109ac   0x0000005c   Code   RO         4321    i.Touch_Key_Tend    touch_key_control.o
    0x08010a08   0x00000044   Code   RO         4322    i.Touch_Key_Test    touch_key_control.o
    0x08010a4c   0x0000026c   Code   RO         4324    i.Touch_Key_Vidio   touch_key_control.o
    0x08010cb8   0x000000f0   Code   RO         4325    i.Touch_Key_Welcome  touch_key_control.o
    0x08010da8   0x00000114   Code   RO         4327    i.Touch_Key_analysis_8200B  touch_key_control.o
    0x08010ebc   0x00000016   Code   RO         3837    i.TxString          m600_api.o
    0x08010ed2   0x0000000c   Code   RO         3838    i.Tx_Byte           m600_api.o
    0x08010ede   0x0000001c   Code   RO         3839    i.Tx_EOF            m600_api.o
    0x08010efa   0x00000012   Code   RO         3840    i.Tx_Word           m600_api.o
    0x08010f0c   0x000000b4   Code   RO         3340    i.USART1_Configuration  uart.o
    0x08010fc0   0x000000e8   Code   RO         3341    i.USART1_IRQHandler  uart.o
    0x080110a8   0x00000020   Code   RO         3342    i.USART1_TX_Byte    uart.o
    0x080110c8   0x00000090   Code   RO         3343    i.USART2_Configuration  uart.o
    0x08011158   0x000000ac   Code   RO         3344    i.USART2_IRQHandler  uart.o
    0x08011204   0x00000020   Code   RO         3345    i.USART2_TX_Byte    uart.o
    0x08011224   0x00000016   Code   RO         4706    i.USART2_TX_STRING  print.o
    0x0801123a   0x00000002   PAD
    0x0801123c   0x00000094   Code   RO         3346    i.USART3_Configuration  uart.o
    0x080112d0   0x00000060   Code   RO         3348    i.USART3_IRQHandler  uart.o
    0x08011330   0x00000020   Code   RO         3349    i.USART3_TX_Byte    uart.o
    0x08011350   0x0000001e   Code   RO         3002    i.USART_ClearITPendingBit  stm32f10x_usart.o
    0x0801136e   0x00000018   Code   RO         3005    i.USART_Cmd         stm32f10x_usart.o
    0x08011386   0x0000001a   Code   RO         3008    i.USART_GetFlagStatus  stm32f10x_usart.o
    0x080113a0   0x00000054   Code   RO         3009    i.USART_GetITStatus  stm32f10x_usart.o
    0x080113f4   0x0000004a   Code   RO         3011    i.USART_ITConfig    stm32f10x_usart.o
    0x0801143e   0x00000002   PAD
    0x08011440   0x000000d8   Code   RO         3012    i.USART_Init        stm32f10x_usart.o
    0x08011518   0x0000000a   Code   RO         3019    i.USART_ReceiveData  stm32f10x_usart.o
    0x08011522   0x00000008   Code   RO         3022    i.USART_SendData    stm32f10x_usart.o
    0x0801152a   0x00000004   Code   RO           16    i.UsageFault_Handler  stm32f10x_it.o
    0x0801152e   0x00000010   Code   RO         3350    i.Usart_int         uart.o
    0x0801153e   0x00000002   PAD
    0x08011540   0x00000138   Code   RO          186    i.Variable_Int      main.o
    0x08011678   0x000003b0   Code   RO         4511    i.Wash              cell_saver_control.o
    0x08011a28   0x000000d0   Code   RO         4512    i.Wash_Pump_Adjust_contorl  cell_saver_control.o
    0x08011af8   0x00000054   Code   RO         4513    i.Wash_Volume_Adjust  cell_saver_control.o
    0x08011b4c   0x0000027c   Code   RO         3538    i.Weight_check      adc.o
    0x08011dc8   0x00000114   Code   RO         3539    i.Well_Check        adc.o
    0x08011edc   0x00000034   Code   RO         3540    i.Well_state_Check  adc.o
    0x08011f10   0x00000088   Code   RO         4962    i.Write_data_to_SD  sd_save.o
    0x08011f98   0x00000080   Code   RO         4440    i.Yellow_Pump_Test  pump_control.o
    0x08012018   0x0000000e   Code   RO         5634    i.__scatterload_copy  mc_w.l(handlers.o)
    0x08012026   0x00000002   Code   RO         5635    i.__scatterload_null  mc_w.l(handlers.o)
    0x08012028   0x0000000e   Code   RO         5636    i.__scatterload_zeroinit  mc_w.l(handlers.o)
    0x08012036   0x00000002   PAD
    0x08012038   0x000002a0   Code   RO         3351    i.blue_teeth_rx     uart.o
    0x080122d8   0x00000090   Code   RO         5312    i.check_fs          ff.o
    0x08012368   0x00000014   Code   RO         5313    i.chk_chr           ff.o
    0x0801237c   0x00000370   Code   RO         5314    i.chk_mounted       ff.o
    0x080126ec   0x0000001a   Code   RO         5315    i.clust2sect        ff.o
    0x08012706   0x00000012   Code   RO         5082    i.convert_from_bytes_to_power_of_two  sdio_sd.o
    0x08012718   0x000000ca   Code   RO         5316    i.create_chain      ff.o
    0x080127e2   0x00000002   PAD
    0x080127e4   0x00000148   Code   RO         5317    i.create_name       ff.o
    0x0801292c   0x0000003c   Code   RO         3727    i.delay_init        iic.o
    0x08012968   0x0000003c   Code   RO         3728    i.delay_ms          iic.o
    0x080129a4   0x0000003c   Code   RO         3729    i.delay_us          iic.o
    0x080129e0   0x0000005c   Code   RO         5318    i.dir_find          ff.o
    0x08012a3c   0x00000116   Code   RO         5319    i.dir_next          ff.o
    0x08012b52   0x0000006e   Code   RO         5321    i.dir_register      ff.o
    0x08012bc0   0x0000009c   Code   RO         5323    i.dir_sdi           ff.o
    0x08012c5c   0x0000002e   Code   RO         5266    i.disk_initialize   diskio.o
    0x08012c8a   0x00000002   PAD
    0x08012c8c   0x00000060   Code   RO         5267    i.disk_ioctl        diskio.o
    0x08012cec   0x00000068   Code   RO         5268    i.disk_read         diskio.o
    0x08012d54   0x00000022   Code   RO         5269    i.disk_status       diskio.o
    0x08012d76   0x00000002   PAD
    0x08012d78   0x00000064   Code   RO         5270    i.disk_write        diskio.o
    0x08012ddc   0x00000016   Code   RO         5325    i.f_close           ff.o
    0x08012df2   0x000001b0   Code   RO         5328    i.f_lseek           ff.o
    0x08012fa2   0x00000002   PAD
    0x08012fa4   0x0000002c   Code   RO         5330    i.f_mount           ff.o
    0x08012fd0   0x0000016c   Code   RO         5331    i.f_open            ff.o
    0x0801313c   0x00000026   Code   RO         5334    i.f_putc            ff.o
    0x08013162   0x0000002a   Code   RO         5335    i.f_puts            ff.o
    0x0801318c   0x000000b8   Code   RO         5340    i.f_sync            ff.o
    0x08013244   0x0000020e   Code   RO         5344    i.f_write           ff.o
    0x08013452   0x0000009e   Code   RO         5345    i.follow_path       ff.o
    0x080134f0   0x000000e4   Code   RO         5346    i.get_fat           ff.o
    0x080135d4   0x00000004   Code   RO         5271    i.get_fattime       diskio.o
    0x080135d8   0x00000022   Code   RO         4964    i.hex2chr           sd_save.o
    0x080135fa   0x00000002   PAD
    0x080135fc   0x0000016c   Code   RO          187    i.main              main.o
    0x08013768   0x00000026   Code   RO         5348    i.mem_cmp           ff.o
    0x0801378e   0x0000001a   Code   RO         5349    i.mem_cpy           ff.o
    0x080137a8   0x00000014   Code   RO         5350    i.mem_set           ff.o
    0x080137bc   0x00000072   Code   RO         5351    i.move_window       ff.o
    0x0801382e   0x00000002   PAD
    0x08013830   0x00000140   Code   RO         4965    i.num_push_to_buf   sd_save.o
    0x08013970   0x00000130   Code   RO         4707    i.print             print.o
    0x08013aa0   0x000001a0   Code   RO         4708    i.print_Tend        print.o
    0x08013c40   0x00000114   Code   RO         4709    i.print_factory     print.o
    0x08013d54   0x00000048   Code   RO         4710    i.print_init        print.o
    0x08013d9c   0x00000136   Code   RO         5352    i.put_fat           ff.o
    0x08013ed2   0x00000068   Code   RO         5353    i.remove_chain      ff.o
    0x08013f3a   0x00000002   PAD
    0x08013f3c   0x0000003c   Code   RO         4966    i.str_push_to_buf   sd_save.o
    0x08013f78   0x000000ca   Code   RO         5354    i.sync              ff.o
    0x08014042   0x0000002a   Code   RO         5355    i.validate          ff.o
    0x0801406c   0x00000018   Code   RO         4711    i.word_size         print.o
    0x08014084   0x00000008   Data   RO         3353    .constdata          uart.o
    0x0801408c   0x0000000c   Data   RO         3660    .constdata          rtc.o
    0x08014098   0x00000020   Data   RO         5632    Region$$Table       anon$$obj.o


    Execution Region RW_IRAM1 (Base: 0x20000000, Size: 0x00001b30, Max: 0x00010000, ABSOLUTE, COMPRESSED[0x00000134])

    Base Addr    Size         Type   Attr      Idx    E Section Name        Object

    0x20000000   0x00000008   Data   RW           17    .data               stm32f10x_it.o
    0x20000008   0x0000005d   Data   RW          190    .data               main.o
    0x20000065   0x00000003   PAD
    0x20000068   0x0000017c   Data   RW          261    .data               user_conf.o
    0x200001e4   0x00000014   Data   RW          633    .data               stm32f10x_rcc.o
    0x200001f8   0x00000019   Data   RW         3354    .data               uart.o
    0x20000211   0x00000003   PAD
    0x20000214   0x00000032   Data   RW         3542    .data               adc.o
    0x20000246   0x00000004   Data   RW         3661    .data               rtc.o
    0x2000024a   0x00000004   Data   RW         3730    .data               iic.o
    0x2000024e   0x00000022   Data   RW         4057    .data               user_dispaly.o
    0x20000270   0x00000006   Data   RW         4329    .data               touch_key_control.o
    0x20000276   0x00000019   Data   RW         4515    .data               cell_saver_control.o
    0x2000028f   0x00000001   PAD
    0x20000290   0x0000008f   Data   RW         4712    .data               print.o
    0x2000031f   0x00000001   PAD
    0x20000320   0x00000172   Data   RW         4968    .data               sd_save.o
    0x20000492   0x00000002   PAD
    0x20000494   0x00000028   Data   RW         5084    .data               sdio_sd.o
    0x200004bc   0x00000006   Data   RW         5356    .data               ff.o
    0x200004c2   0x00000002   PAD
    0x200004c4   0x00000028   Zero   RW          260    .bss                user_conf.o
    0x200004ec   0x0000046e   Zero   RW         3352    .bss                uart.o
    0x2000095a   0x00000002   PAD
    0x2000095c   0x00000040   Zero   RW         3541    .bss                adc.o
    0x2000099c   0x00000cdb   Zero   RW         4967    .bss                sd_save.o
    0x20001677   0x00000001   PAD
    0x20001678   0x000000b4   Zero   RW         5083    .bss                sdio_sd.o
    0x2000172c   0x00000004   PAD
    0x20001730   0x00000400   Zero   RW         3283    STACK               startup_stm32f10x_hd.o


==============================================================================

Image component sizes


      Code (inc. data)   RO Data    RW Data    ZI Data      Debug   Object Name

      3492        268          0          0          0      10969   24c256.o
      6328        672          0         50         64      12549   adc.o
     10862       1394          0         25          0      20602   cell_saver_control.o
         0          0          0          0          0         32   core_cm3.o
       384         32          0          0          0       5037   diskio.o
      5130         46          0          6          0      26557   ff.o
       496         42          0          0          0       3655   gpio_set.o
       718         50          0          4          0       5756   iic.o
      1520         18          0          0          0      10505   m600_api.o
       686        130          0         93          0       3135   main.o
       172         22          0          0          0       2277   misc.o
      3186        422          0        143          0      10999   print.o
       412        102          0          0          0       2972   pump_control.o
       248          8          0          0          0        755   pwm.o
        66          0          0          0          0        488   rcc.o
       990         74         12          4          0       5723   rtc.o
      1698        212          0        370       3291       9422   sd_save.o
      7890        416          0         40        180      31814   sdio_sd.o
        36          8        304          0       1024        888   startup_stm32f10x_hd.o
       486         24          0          0          0       9134   stm32f10x_adc.o
        72         10          0          0          0       2896   stm32f10x_bkp.o
       156         18          0          0          0       4157   stm32f10x_dma.o
       322          0          0          0          0       4565   stm32f10x_gpio.o
       464         56          0          8          0     294452   stm32f10x_it.o
        12          6          0          0          0        562   stm32f10x_pwr.o
       844        122          0         20          0      14249   stm32f10x_rcc.o
       160         32          0          0          0       3292   stm32f10x_rtc.o
       408         96          0          0          0      11667   stm32f10x_sdio.o
      1132        136          0          0          0       9860   stm32f10x_tim.o
       472          6          0          0          0       7219   stm32f10x_usart.o
       328         28          0          0          0       1941   system_stm32f10x.o
       474          4          0          0          0       1257   time.o
      9296       1060          0          6          0      11058   touch_key_control.o
      2588        296          8         25       1134      11897   uart.o
         0          0          0        380         40       8836   user_conf.o
     18086       1288          0         34          0      27107   user_dispaly.o

    ----------------------------------------------------------------------
     79678       7098        356       1220       5740     588284   Object Totals
         0          0         32          0          0          0   (incl. Generated)
        64          0          0         12          7          0   (incl. Padding)

    ----------------------------------------------------------------------

      Code (inc. data)   RO Data    RW Data    ZI Data      Debug   Library Member Name

        86          0          0          0          0          0   __dczerorl2.o
         0          0          0          0          0          0   entry.o
         0          0          0          0          0          0   entry10a.o
         0          0          0          0          0          0   entry11a.o
         8          4          0          0          0          0   entry2.o
         4          0          0          0          0          0   entry5.o
         0          0          0          0          0          0   entry7b.o
         0          0          0          0          0          0   entry8b.o
         8          4          0          0          0          0   entry9a.o
        30          0          0          0          0          0   handlers.o
        36          8          0          0          0         68   init.o
         0          0          0          0          0          0   iusefp.o
        30          0          0          0          0         68   llshl.o
        36          0          0          0          0         68   llsshr.o
        32          0          0          0          0         68   llushr.o
        40          2          0          0          0         68   cdrcmple.o
        20          0          0          0          0         68   cfcmple.o
        20          0          0          0          0         68   cfrcmple.o
        56          0          0          0          0         88   d2f.o
       334          0          0          0          0        148   dadd.o
       222          0          0          0          0        100   ddiv.o
       182          0          0          0          0        176   depilogue.o
        50          0          0          0          0         76   dfixui.o
        26          0          0          0          0         76   dfltui.o
       228          0          0          0          0         96   dmul.o
        38          0          0          0          0         68   f2d.o
       176          0          0          0          0        140   fadd.o
       124          0          0          0          0         88   fdiv.o
       110          0          0          0          0        168   fepilogue.o
        40          0          0          0          0         68   ffixui.o
        18          0          0          0          0         68   fflti.o
        10          0          0          0          0         68   ffltui.o
       100          0          0          0          0         76   fmul.o

    ----------------------------------------------------------------------
      2070         18          0          0          0       1980   Library Totals
         6          0          0          0          0          0   (incl. Padding)

    ----------------------------------------------------------------------

      Code (inc. data)   RO Data    RW Data    ZI Data      Debug   Library Name

       270         16          0          0          0        272   mc_w.l
      1794          2          0          0          0       1708   mf_w.l

    ----------------------------------------------------------------------
      2070         18          0          0          0       1980   Library Totals

    ----------------------------------------------------------------------

==============================================================================


      Code (inc. data)   RO Data    RW Data    ZI Data      Debug   

     81748       7116        356       1220       5740     570320   Grand Totals
     81748       7116        356        308       5740     570320   ELF Image Totals (compressed)
     81748       7116        356        308          0          0   ROM Totals

==============================================================================

    Total RO  Size (Code + RO Data)                82104 (  80.18kB)
    Total RW  Size (RW Data + ZI Data)              6960 (   6.80kB)
    Total ROM Size (Code + RO Data + RW Data)      82412 (  80.48kB)

==============================================================================

